Component: ARM Compiler 5.06 update 7 (build 960) Tool: armlink [4d3601]

==============================================================================

Section Cross References

    main.o(i.main) refers to CompCtrlDefine.o(i.IcResourceInit) for IcResourceInit
    SC_Init.o(i.SC_Init) refers to SC_Init.o(i.SC_RCC_Init) for SC_RCC_Init
    SC_Init.o(i.SC_Init) refers to SC_Init.o(i.SC_SYSTICK_Init) for SC_SYSTICK_Init
    SC_Init.o(i.SC_RCC_Init) refers to sc32f1xxx_rcc.o(i.RCC_Unlock) for RCC_Unlock
    SC_Init.o(i.SC_RCC_Init) refers to sc32f1xxx_rcc.o(i.RCC_HXTCmd) for RCC_HXTCmd
    SC_Init.o(i.SC_RCC_Init) refers to sc32f1xxx_rcc.o(i.RCC_LXTCmd) for RCC_LXTCmd
    SC_Init.o(i.SC_RCC_Init) refers to sc32f1xxx_rcc.o(i.RCC_LIRCCmd) for RCC_LIRCCmd
    SC_Init.o(i.SC_RCC_Init) refers to sc32f1xxx_rcc.o(i.RCC_HIRCCmd) for RCC_HIRCCmd
    SC_Init.o(i.SC_RCC_Init) refers to sc32f1xxx_rcc.o(i.RCC_ITConfig) for RCC_ITConfig
    SC_Init.o(i.SC_RCC_Init) refers to sc32f1xxx_rcc.o(i.RCC_HIRCDIV1Cmd) for RCC_HIRCDIV1Cmd
    SC_Init.o(i.SC_RCC_Init) refers to sc32f1xxx_rcc.o(i.RCC_SYSCLKConfig) for RCC_SYSCLKConfig
    SC_Init.o(i.SC_RCC_Init) refers to sc32f1xxx_rcc.o(i.RCC_HCLKConfig) for RCC_HCLKConfig
    SC_Init.o(i.SC_SYSTICK_Init) refers to sc32f1xxx_rcc.o(i.RCC_Unlock) for RCC_Unlock
    SC_Init.o(i.SC_SYSTICK_Init) refers to sc32f1xxx_rcc.o(i.RCC_SystickCLKConfig) for RCC_SystickCLKConfig
    SC_Init.o(i.SC_SYSTICK_Init) refers to sc32f1xxx_rcc.o(i.RCC_SystickSetCounter) for RCC_SystickSetCounter
    SC_Init.o(i.SC_SYSTICK_Init) refers to sc32f1xxx_rcc.o(i.RCC_SystickCmd) for RCC_SystickCmd
    CompCtrlDefine.o(i.IcResourceInit) refers to SC_Init.o(i.SC_Init) for SC_Init
    sc32f1xxx_rcc.o(i.RCC_BTMCLKConfig) refers to sc32f1xxx_rcc.o(i.RCC_Unlock) for RCC_Unlock
    sc32f1xxx_rcc.o(i.RCC_HIRCCmd) refers to sc32f1xxx_rcc.o(i.RCC_Unlock) for RCC_Unlock
    sc32f1xxx_rcc.o(i.RCC_HIRCDIV1Cmd) refers to sc32f1xxx_rcc.o(i.RCC_Unlock) for RCC_Unlock
    sc32f1xxx_rcc.o(i.RCC_HXTCmd) refers to sc32f1xxx_rcc.o(i.RCC_Unlock) for RCC_Unlock
    sc32f1xxx_rcc.o(i.RCC_ITConfig) refers to sc32f1xxx_rcc.o(i.RCC_Unlock) for RCC_Unlock
    sc32f1xxx_rcc.o(i.RCC_LCDLEDCLKConfig) refers to sc32f1xxx_rcc.o(i.RCC_Unlock) for RCC_Unlock
    sc32f1xxx_rcc.o(i.RCC_LIRCCmd) refers to sc32f1xxx_rcc.o(i.RCC_Unlock) for RCC_Unlock
    sc32f1xxx_rcc.o(i.RCC_LXTCmd) refers to sc32f1xxx_rcc.o(i.RCC_Unlock) for RCC_Unlock
    sc32f1xxx_rcc.o(i.RCC_PWM0CLKConfig) refers to sc32f1xxx_rcc.o(i.RCC_Unlock) for RCC_Unlock
    sc32f1xxx_rcc.o(i.RCC_SYSCLKConfig) refers to sc32f1xxx_rcc.o(i.RCC_Unlock) for RCC_Unlock
    sc32f1xxx_rcc.o(i.RCC_SystickCLKConfig) refers to sc32f1xxx_rcc.o(i.RCC_Unlock) for RCC_Unlock
    sc32f1xxx_rcc.o(i.RCC_WaitConfig) refers to sc32f1xxx_rcc.o(i.RCC_Unlock) for RCC_Unlock
    sc32f1xxx_rcc.o(i.SC_Delay) refers to sc32f1xxx_rcc.o(.data) for .data
    sc32f1xxx_rcc.o(i.SC_Delay_us) refers to aeabi_sdiv.o(.text) for __aeabi_uidivmod
    sc32f1xxx_rcc.o(i.SC_Delay_us) refers to sc32f1xxx_rcc.o(.data) for .data
    sc32f1xxx_rcc.o(i.SC_IncTick) refers to sc32f1xxx_rcc.o(.data) for .data
    buzzer.o(i.Buzzer_Beep) refers to sc32f1xxx_gpio.o(i.GPIO_SetBits) for GPIO_SetBits
    buzzer.o(i.Buzzer_Beep) refers to sc32f1xxx_gpio.o(i.GPIO_ResetBits) for GPIO_ResetBits
    buzzer.o(i.Buzzer_Beep) refers to buzzer.o(.data) for .data
    buzzer.o(i.Buzzer_Init) refers to sc32f1xxx_gpio.o(i.GPIO_Init) for GPIO_Init
    buzzer.o(i.Buzzer_Init) refers to sc32f1xxx_gpio.o(i.GPIO_ResetBits) for GPIO_ResetBits
    buzzer.o(i.Buzzer_Init) refers to buzzer.o(.data) for .data
    buzzer.o(i.Buzzer_Stop) refers to sc32f1xxx_gpio.o(i.GPIO_ResetBits) for GPIO_ResetBits
    buzzer.o(i.Buzzer_Stop) refers to buzzer.o(.data) for .data
    startup_sc32f12xx.o(STACK) refers (Special) to heapauxi.o(.text) for __use_two_region_memory
    startup_sc32f12xx.o(HEAP) refers (Special) to heapauxi.o(.text) for __use_two_region_memory
    startup_sc32f12xx.o(RESET) refers (Special) to heapauxi.o(.text) for __use_two_region_memory
    startup_sc32f12xx.o(RESET) refers to startup_sc32f12xx.o(STACK) for __initial_sp
    startup_sc32f12xx.o(RESET) refers to startup_sc32f12xx.o(.text) for Reset_Handler
    startup_sc32f12xx.o(RESET) refers to SC_it.o(i.SysTick_IRQHandler) for SysTick_IRQHandler
    startup_sc32f12xx.o(RESET) refers to SC_it.o(i.INT0_IRQHandler) for INT0_IRQHandler
    startup_sc32f12xx.o(RESET) refers to SC_it.o(i.INT1_7_IRQHandler) for INT1_7_IRQHandler
    startup_sc32f12xx.o(RESET) refers to SC_it.o(i.INT8_11_IRQHandler) for INT8_11_IRQHandler
    startup_sc32f12xx.o(RESET) refers to SC_it.o(i.INT12_15_IRQHandler) for INT12_15_IRQHandler
    startup_sc32f12xx.o(RESET) refers to SC_it.o(i.RCC_IRQHandler) for RCC_IRQHandler
    startup_sc32f12xx.o(RESET) refers to SC_it.o(i.BTM_IRQHandler) for BTM_IRQHandler
    startup_sc32f12xx.o(RESET) refers to SC_it.o(i.UART0_2_4_IRQHandler) for UART0_2_4_IRQHandler
    startup_sc32f12xx.o(RESET) refers to SC_it.o(i.UART1_3_5_IRQHandler) for UART1_3_5_IRQHandler
    startup_sc32f12xx.o(RESET) refers to SC_it.o(i.SPI0_IRQHandler) for SPI0_IRQHandler
    startup_sc32f12xx.o(RESET) refers to SC_it.o(i.SPI1_2_IRQHandler) for SPI1_2_IRQHandler
    startup_sc32f12xx.o(RESET) refers to SC_it.o(i.DMA0_IRQHandler) for DMA0_IRQHandler
    startup_sc32f12xx.o(RESET) refers to SC_it.o(i.DMA1_IRQHandler) for DMA1_IRQHandler
    startup_sc32f12xx.o(RESET) refers to SC_it.o(i.TIMER0_IRQHandler) for TIMER0_IRQHandler
    startup_sc32f12xx.o(RESET) refers to SC_it.o(i.TIMER1_IRQHandler) for TIMER1_IRQHandler
    startup_sc32f12xx.o(RESET) refers to SC_it.o(i.TIMER2_IRQHandler) for TIMER2_IRQHandler
    startup_sc32f12xx.o(RESET) refers to SC_it.o(i.TIMER3_IRQHandler) for TIMER3_IRQHandler
    startup_sc32f12xx.o(RESET) refers to SC_it.o(i.TIMER4_5_IRQHandler) for TIMER4_5_IRQHandler
    startup_sc32f12xx.o(RESET) refers to SC_it.o(i.TIMER6_7_IRQHandler) for TIMER6_7_IRQHandler
    startup_sc32f12xx.o(RESET) refers to SC_it.o(i.PWM0_IRQHandler) for PWM0_IRQHandler
    startup_sc32f12xx.o(RESET) refers to SC_it.o(i.LEDPWM_IRQHandler) for LEDPWM_IRQHandler
    startup_sc32f12xx.o(RESET) refers to SC_it.o(i.TWI0_IRQHandler) for TWI0_IRQHandler
    startup_sc32f12xx.o(RESET) refers to SC_it.o(i.TWI1_IRQHandler) for TWI1_IRQHandler
    startup_sc32f12xx.o(RESET) refers to SC_it.o(i.ADC_IRQHandler) for ADC_IRQHandler
    startup_sc32f12xx.o(RESET) refers to SC_it.o(i.CMP_IRQHandler) for CMP_IRQHandler
    startup_sc32f12xx.o(.text) refers (Special) to heapauxi.o(.text) for __use_two_region_memory
    startup_sc32f12xx.o(.text) refers to system_sc32f1xxx.o(i.SystemInit) for SystemInit
    startup_sc32f12xx.o(.text) refers to __main.o(!!!main) for __main
    startup_sc32f12xx.o(.text) refers to startup_sc32f12xx.o(HEAP) for Heap_Mem
    startup_sc32f12xx.o(.text) refers to startup_sc32f12xx.o(STACK) for Stack_Mem
    __main.o(!!!main) refers to __rtentry.o(.ARM.Collect$$rtentry$$00000000) for __rt_entry
    __rtentry.o(.ARM.Collect$$rtentry$$00000000) refers (Special) to __rtentry2.o(.ARM.Collect$$rtentry$$0000000A) for __rt_entry_li
    __rtentry.o(.ARM.Collect$$rtentry$$00000000) refers (Special) to __rtentry2.o(.ARM.Collect$$rtentry$$0000000D) for __rt_entry_main
    __rtentry.o(.ARM.Collect$$rtentry$$00000000) refers (Special) to __rtentry2.o(.ARM.Collect$$rtentry$$0000000C) for __rt_entry_postli_1
    __rtentry.o(.ARM.Collect$$rtentry$$00000000) refers (Special) to __rtentry2.o(.ARM.Collect$$rtentry$$00000009) for __rt_entry_postsh_1
    __rtentry.o(.ARM.Collect$$rtentry$$00000000) refers (Special) to __rtentry2.o(.ARM.Collect$$rtentry$$00000002) for __rt_entry_presh_1
    __rtentry.o(.ARM.Collect$$rtentry$$00000000) refers (Special) to __rtentry4.o(.ARM.Collect$$rtentry$$00000004) for __rt_entry_sh
    aeabi_idiv0_sigfpe.o(.text) refers to rt_div0.o(.text) for __rt_div0
    __rtentry2.o(.ARM.Collect$$rtentry$$00000008) refers to boardinit2.o(.text) for _platform_post_stackheap_init
    __rtentry2.o(.ARM.Collect$$rtentry$$0000000A) refers to libinit.o(.ARM.Collect$$libinit$$00000000) for __rt_lib_init
    __rtentry2.o(.ARM.Collect$$rtentry$$0000000B) refers to boardinit3.o(.text) for _platform_post_lib_init
    __rtentry2.o(.ARM.Collect$$rtentry$$0000000D) refers to main.o(i.main) for main
    __rtentry2.o(.ARM.Collect$$rtentry$$0000000D) refers to exit.o(.text) for exit
    __rtentry2.o(.ARM.exidx) refers to __rtentry2.o(.ARM.Collect$$rtentry$$00000001) for .ARM.Collect$$rtentry$$00000001
    __rtentry2.o(.ARM.exidx) refers to __rtentry2.o(.ARM.Collect$$rtentry$$00000008) for .ARM.Collect$$rtentry$$00000008
    __rtentry2.o(.ARM.exidx) refers to __rtentry2.o(.ARM.Collect$$rtentry$$0000000A) for .ARM.Collect$$rtentry$$0000000A
    __rtentry2.o(.ARM.exidx) refers to __rtentry2.o(.ARM.Collect$$rtentry$$0000000B) for .ARM.Collect$$rtentry$$0000000B
    __rtentry2.o(.ARM.exidx) refers to __rtentry2.o(.ARM.Collect$$rtentry$$0000000D) for .ARM.Collect$$rtentry$$0000000D
    __rtentry4.o(.ARM.Collect$$rtentry$$00000004) refers to sys_stackheap_outer.o(.text) for __user_setup_stackheap
    __rtentry4.o(.ARM.exidx) refers to __rtentry4.o(.ARM.Collect$$rtentry$$00000004) for .ARM.Collect$$rtentry$$00000004
    rt_div0.o(.text) refers to defsig_fpe_outer.o(.text) for __rt_SIGFPE
    sys_stackheap_outer.o(.text) refers to libspace.o(.text) for __user_perproc_libspace
    sys_stackheap_outer.o(.text) refers to startup_sc32f12xx.o(.text) for __user_initial_stackheap
    sys_stackheap_outer.o(__vectab_stack_and_reset_area) refers to tempstk.o(.text) for __temporary_stack_top
    sys_stackheap_outer.o(__vectab_stack_and_reset_area) refers to __main.o(!!!main) for __main
    exit.o(.text) refers to rtexit.o(.ARM.Collect$$rtexit$$00000000) for __rt_exit
    defsig_fpe_outer.o(.text) refers to defsig_fpe_inner.o(.text) for __rt_SIGFPE_inner
    defsig_fpe_outer.o(.text) refers to defsig_exit.o(.text) for __sig_exit
    defsig_fpe_formal.o(.text) refers to rt_raise.o(.text) for __rt_raise
    libinit.o(.ARM.Collect$$libinit$$00000000) refers (Special) to libinit2.o(.ARM.Collect$$libinit$$0000002E) for __rt_lib_init_alloca_1
    libinit.o(.ARM.Collect$$libinit$$00000000) refers (Special) to libinit2.o(.ARM.Collect$$libinit$$0000002C) for __rt_lib_init_argv_1
    libinit.o(.ARM.Collect$$libinit$$00000000) refers (Special) to libinit2.o(.ARM.Collect$$libinit$$0000001B) for __rt_lib_init_atexit_1
    libinit.o(.ARM.Collect$$libinit$$00000000) refers (Special) to libinit2.o(.ARM.Collect$$libinit$$00000021) for __rt_lib_init_clock_1
    libinit.o(.ARM.Collect$$libinit$$00000000) refers (Special) to libinit2.o(.ARM.Collect$$libinit$$00000032) for __rt_lib_init_cpp_1
    libinit.o(.ARM.Collect$$libinit$$00000000) refers (Special) to libinit2.o(.ARM.Collect$$libinit$$00000030) for __rt_lib_init_exceptions_1
    libinit.o(.ARM.Collect$$libinit$$00000000) refers (Special) to libinit2.o(.ARM.Collect$$libinit$$00000002) for __rt_lib_init_fp_1
    libinit.o(.ARM.Collect$$libinit$$00000000) refers (Special) to libinit2.o(.ARM.Collect$$libinit$$0000001F) for __rt_lib_init_fp_trap_1
    libinit.o(.ARM.Collect$$libinit$$00000000) refers (Special) to libinit2.o(.ARM.Collect$$libinit$$00000023) for __rt_lib_init_getenv_1
    libinit.o(.ARM.Collect$$libinit$$00000000) refers (Special) to libinit2.o(.ARM.Collect$$libinit$$0000000A) for __rt_lib_init_heap_1
    libinit.o(.ARM.Collect$$libinit$$00000000) refers (Special) to libinit2.o(.ARM.Collect$$libinit$$00000011) for __rt_lib_init_lc_collate_1
    libinit.o(.ARM.Collect$$libinit$$00000000) refers (Special) to libinit2.o(.ARM.Collect$$libinit$$00000013) for __rt_lib_init_lc_ctype_1
    libinit.o(.ARM.Collect$$libinit$$00000000) refers (Special) to libinit2.o(.ARM.Collect$$libinit$$00000015) for __rt_lib_init_lc_monetary_1
    libinit.o(.ARM.Collect$$libinit$$00000000) refers (Special) to libinit2.o(.ARM.Collect$$libinit$$00000017) for __rt_lib_init_lc_numeric_1
    libinit.o(.ARM.Collect$$libinit$$00000000) refers (Special) to libinit2.o(.ARM.Collect$$libinit$$00000019) for __rt_lib_init_lc_time_1
    libinit.o(.ARM.Collect$$libinit$$00000000) refers (Special) to libinit2.o(.ARM.Collect$$libinit$$00000004) for __rt_lib_init_preinit_1
    libinit.o(.ARM.Collect$$libinit$$00000000) refers (Special) to libinit2.o(.ARM.Collect$$libinit$$0000000E) for __rt_lib_init_rand_1
    libinit.o(.ARM.Collect$$libinit$$00000000) refers (Special) to libinit2.o(.ARM.Collect$$libinit$$00000033) for __rt_lib_init_return
    libinit.o(.ARM.Collect$$libinit$$00000000) refers (Special) to libinit2.o(.ARM.Collect$$libinit$$0000001D) for __rt_lib_init_signal_1
    libinit.o(.ARM.Collect$$libinit$$00000000) refers (Special) to libinit2.o(.ARM.Collect$$libinit$$00000025) for __rt_lib_init_stdio_1
    libinit.o(.ARM.Collect$$libinit$$00000000) refers (Special) to libinit2.o(.ARM.Collect$$libinit$$0000000C) for __rt_lib_init_user_alloc_1
    libspace.o(.text) refers to libspace.o(.bss) for __libspace_start
    rtexit.o(.ARM.Collect$$rtexit$$00000000) refers (Special) to rtexit2.o(.ARM.Collect$$rtexit$$00000004) for __rt_exit_exit
    rtexit.o(.ARM.Collect$$rtexit$$00000000) refers (Special) to rtexit2.o(.ARM.Collect$$rtexit$$00000003) for __rt_exit_ls
    rtexit.o(.ARM.Collect$$rtexit$$00000000) refers (Special) to rtexit2.o(.ARM.Collect$$rtexit$$00000002) for __rt_exit_prels_1
    rtexit.o(.ARM.exidx) refers (Special) to rtexit2.o(.ARM.Collect$$rtexit$$00000004) for __rt_exit_exit
    rtexit.o(.ARM.exidx) refers (Special) to rtexit2.o(.ARM.Collect$$rtexit$$00000003) for __rt_exit_ls
    rtexit.o(.ARM.exidx) refers (Special) to rtexit2.o(.ARM.Collect$$rtexit$$00000002) for __rt_exit_prels_1
    rtexit.o(.ARM.exidx) refers to rtexit.o(.ARM.Collect$$rtexit$$00000000) for .ARM.Collect$$rtexit$$00000000
    rt_raise.o(.text) refers to __raise.o(.text) for __raise
    rt_raise.o(.text) refers to sys_exit.o(.text) for _sys_exit
    defsig_exit.o(.text) refers to sys_exit.o(.text) for _sys_exit
    defsig_fpe_inner.o(.text) refers to defsig_general.o(.text) for __default_signal_display
    libinit2.o(.ARM.Collect$$libinit$$00000010) refers to libinit2.o(.ARM.Collect$$libinit$$0000000F) for .ARM.Collect$$libinit$$0000000F
    libinit2.o(.ARM.Collect$$libinit$$00000012) refers to libinit2.o(.ARM.Collect$$libinit$$0000000F) for .ARM.Collect$$libinit$$0000000F
    libinit2.o(.ARM.Collect$$libinit$$00000014) refers to libinit2.o(.ARM.Collect$$libinit$$0000000F) for .ARM.Collect$$libinit$$0000000F
    libinit2.o(.ARM.Collect$$libinit$$00000016) refers to libinit2.o(.ARM.Collect$$libinit$$0000000F) for .ARM.Collect$$libinit$$0000000F
    libinit2.o(.ARM.Collect$$libinit$$00000018) refers to libinit2.o(.ARM.Collect$$libinit$$0000000F) for .ARM.Collect$$libinit$$0000000F
    libinit2.o(.ARM.Collect$$libinit$$00000026) refers to argv_veneer.o(.text) for __ARM_argv_veneer
    libinit2.o(.ARM.Collect$$libinit$$00000027) refers to argv_veneer.o(.text) for __ARM_argv_veneer
    sys_exit.o(.text) refers (Special) to use_no_semi.o(.text) for __I$use$semihosting
    sys_exit.o(.text) refers (Special) to indicate_semi.o(.text) for __semihosting_library_function
    rtexit2.o(.ARM.Collect$$rtexit$$00000003) refers to libshutdown.o(.ARM.Collect$$libshutdown$$00000000) for __rt_lib_shutdown
    rtexit2.o(.ARM.Collect$$rtexit$$00000004) refers to sys_exit.o(.text) for _sys_exit
    rtexit2.o(.ARM.exidx) refers to rtexit2.o(.ARM.Collect$$rtexit$$00000001) for .ARM.Collect$$rtexit$$00000001
    rtexit2.o(.ARM.exidx) refers to rtexit2.o(.ARM.Collect$$rtexit$$00000003) for .ARM.Collect$$rtexit$$00000003
    rtexit2.o(.ARM.exidx) refers to rtexit2.o(.ARM.Collect$$rtexit$$00000004) for .ARM.Collect$$rtexit$$00000004
    __raise.o(.text) refers to defsig.o(CL$$defsig) for __default_signal_handler
    defsig_general.o(.text) refers to sys_wrch.o(.text) for _ttywrch
    sys_wrch.o(.text) refers (Special) to use_no_semi.o(.text) for __I$use$semihosting
    sys_wrch.o(.text) refers (Special) to indicate_semi.o(.text) for __semihosting_library_function
    defsig.o(CL$$defsig) refers to defsig_fpe_inner.o(.text) for __rt_SIGFPE_inner
    defsig.o(CL$$defsig) refers to defsig_rtmem_inner.o(.text) for __rt_SIGRTMEM_inner
    _get_argv_nomalloc.o(.text) refers (Special) to hrguard.o(.text) for __heap_region$guard
    _get_argv_nomalloc.o(.text) refers to defsig_rtmem_outer.o(.text) for __rt_SIGRTMEM
    _get_argv_nomalloc.o(.text) refers to sys_command.o(.text) for _sys_command_string
    libshutdown.o(.ARM.Collect$$libshutdown$$00000000) refers (Special) to libshutdown2.o(.ARM.Collect$$libshutdown$$00000004) for __rt_lib_shutdown_cpp_1
    libshutdown.o(.ARM.Collect$$libshutdown$$00000000) refers (Special) to libshutdown2.o(.ARM.Collect$$libshutdown$$00000002) for __rt_lib_shutdown_fini_1
    libshutdown.o(.ARM.Collect$$libshutdown$$00000000) refers (Special) to libshutdown2.o(.ARM.Collect$$libshutdown$$00000009) for __rt_lib_shutdown_fp_trap_1
    libshutdown.o(.ARM.Collect$$libshutdown$$00000000) refers (Special) to libshutdown2.o(.ARM.Collect$$libshutdown$$00000011) for __rt_lib_shutdown_heap_1
    libshutdown.o(.ARM.Collect$$libshutdown$$00000000) refers (Special) to libshutdown2.o(.ARM.Collect$$libshutdown$$00000012) for __rt_lib_shutdown_return
    libshutdown.o(.ARM.Collect$$libshutdown$$00000000) refers (Special) to libshutdown2.o(.ARM.Collect$$libshutdown$$0000000C) for __rt_lib_shutdown_signal_1
    libshutdown.o(.ARM.Collect$$libshutdown$$00000000) refers (Special) to libshutdown2.o(.ARM.Collect$$libshutdown$$00000006) for __rt_lib_shutdown_stdio_1
    libshutdown.o(.ARM.Collect$$libshutdown$$00000000) refers (Special) to libshutdown2.o(.ARM.Collect$$libshutdown$$0000000E) for __rt_lib_shutdown_user_alloc_1
    sys_command.o(.text) refers (Special) to use_no_semi.o(.text) for __I$use$semihosting
    sys_command.o(.text) refers (Special) to indicate_semi.o(.text) for __semihosting_library_function
    defsig_abrt_inner.o(.text) refers to defsig_general.o(.text) for __default_signal_display
    defsig_rtred_inner.o(.text) refers to defsig_general.o(.text) for __default_signal_display
    defsig_rtmem_inner.o(.text) refers to defsig_general.o(.text) for __default_signal_display
    defsig_rtmem_outer.o(.text) refers to defsig_rtmem_inner.o(.text) for __rt_SIGRTMEM_inner
    defsig_rtmem_outer.o(.text) refers to defsig_exit.o(.text) for __sig_exit
    defsig_rtmem_formal.o(.text) refers to rt_raise.o(.text) for __rt_raise
    defsig_stak_inner.o(.text) refers to defsig_general.o(.text) for __default_signal_display
    defsig_pvfn_inner.o(.text) refers to defsig_general.o(.text) for __default_signal_display
    defsig_cppl_inner.o(.text) refers to defsig_general.o(.text) for __default_signal_display
    defsig_segv_inner.o(.text) refers to defsig_general.o(.text) for __default_signal_display
    defsig_other.o(.text) refers to defsig_general.o(.text) for __default_signal_display


==============================================================================

Removing Unused input sections from the image.

    Removing main.o(.rev16_text), (4 bytes).
    Removing main.o(.revsh_text), (4 bytes).
    Removing system_sc32f1xxx.o(.rev16_text), (4 bytes).
    Removing system_sc32f1xxx.o(.revsh_text), (4 bytes).
    Removing SC_it.o(.rev16_text), (4 bytes).
    Removing SC_it.o(.revsh_text), (4 bytes).
    Removing SC_it.o(i.CAN_IRQHandler), (2 bytes).
    Removing SC_it.o(i.CMP0_1_2_IRQHandler), (2 bytes).
    Removing SC_it.o(i.CMP3_IRQHandler), (2 bytes).
    Removing SC_it.o(i.DMA2_IRQHandler), (2 bytes).
    Removing SC_it.o(i.DMA3_IRQHandler), (2 bytes).
    Removing SC_it.o(i.EPWM_IRQHandler), (2 bytes).
    Removing SC_it.o(i.OP1_OP2_IRQHandler), (2 bytes).
    Removing SC_it.o(i.PCAP_IRQHandler), (2 bytes).
    Removing SC_it.o(i.QEP0_IRQHandler), (2 bytes).
    Removing SC_it.o(i.QEP1_IRQHandler), (2 bytes).
    Removing SC_it.o(i.SPI1_IRQHandler), (2 bytes).
    Removing SC_it.o(i.SPI1_TWI1_IRQHandler), (2 bytes).
    Removing SC_it.o(i.TWIx_QSPIx_0_2_IRQHandler), (2 bytes).
    Removing SC_it.o(i.TWIx_QSPIx_1_3_IRQHandler), (2 bytes).
    Removing SC_it.o(i.UART0_2_IRQHandler), (2 bytes).
    Removing SC_it.o(i.UART1_3_IRQHandler), (2 bytes).
    Removing SC_it.o(i.UART1_IRQHandler), (2 bytes).
    Removing SC_Init.o(.rev16_text), (4 bytes).
    Removing SC_Init.o(.revsh_text), (4 bytes).
    Removing SC_Init.o(i.SC_ACMP0_Init), (2 bytes).
    Removing SC_Init.o(i.SC_ACMP1_Init), (2 bytes).
    Removing SC_Init.o(i.SC_ACMP2_Init), (2 bytes).
    Removing SC_Init.o(i.SC_ACMP3_Init), (2 bytes).
    Removing SC_Init.o(i.SC_ACMP_Init), (2 bytes).
    Removing SC_Init.o(i.SC_ADC_Init), (2 bytes).
    Removing SC_Init.o(i.SC_BTM_Init), (2 bytes).
    Removing SC_Init.o(i.SC_CAN_Init), (2 bytes).
    Removing SC_Init.o(i.SC_CRC_Init), (2 bytes).
    Removing SC_Init.o(i.SC_DAC_Init), (2 bytes).
    Removing SC_Init.o(i.SC_DMA0_Init), (2 bytes).
    Removing SC_Init.o(i.SC_DMA1_Init), (2 bytes).
    Removing SC_Init.o(i.SC_DMA2_Init), (2 bytes).
    Removing SC_Init.o(i.SC_DMA3_Init), (2 bytes).
    Removing SC_Init.o(i.SC_EPWM_Init), (2 bytes).
    Removing SC_Init.o(i.SC_GPIO_Init), (2 bytes).
    Removing SC_Init.o(i.SC_IAP_Init), (2 bytes).
    Removing SC_Init.o(i.SC_INT_Init), (2 bytes).
    Removing SC_Init.o(i.SC_LCD_Init), (2 bytes).
    Removing SC_Init.o(i.SC_LEDPWM_Init), (2 bytes).
    Removing SC_Init.o(i.SC_LED_Init), (2 bytes).
    Removing SC_Init.o(i.SC_MR_Init), (2 bytes).
    Removing SC_Init.o(i.SC_NVIC_Init), (2 bytes).
    Removing SC_Init.o(i.SC_OP0_Init), (2 bytes).
    Removing SC_Init.o(i.SC_OP1_Init), (2 bytes).
    Removing SC_Init.o(i.SC_OP2_Init), (2 bytes).
    Removing SC_Init.o(i.SC_OPTION_Init), (2 bytes).
    Removing SC_Init.o(i.SC_OP_Init), (2 bytes).
    Removing SC_Init.o(i.SC_PCAP_Init), (2 bytes).
    Removing SC_Init.o(i.SC_PWM0_Init), (2 bytes).
    Removing SC_Init.o(i.SC_PWR_Init), (2 bytes).
    Removing SC_Init.o(i.SC_QEP0_Init), (2 bytes).
    Removing SC_Init.o(i.SC_QEP1_Init), (2 bytes).
    Removing SC_Init.o(i.SC_QSPI0_Init), (2 bytes).
    Removing SC_Init.o(i.SC_QSPI1_Init), (2 bytes).
    Removing SC_Init.o(i.SC_SPI0_Init), (2 bytes).
    Removing SC_Init.o(i.SC_SPI1_Init), (2 bytes).
    Removing SC_Init.o(i.SC_SPI2_Init), (2 bytes).
    Removing SC_Init.o(i.SC_SPI3_Init), (2 bytes).
    Removing SC_Init.o(i.SC_TIM0_Init), (2 bytes).
    Removing SC_Init.o(i.SC_TIM1_Init), (2 bytes).
    Removing SC_Init.o(i.SC_TIM2_Init), (2 bytes).
    Removing SC_Init.o(i.SC_TIM3_Init), (2 bytes).
    Removing SC_Init.o(i.SC_TIM4_Init), (2 bytes).
    Removing SC_Init.o(i.SC_TIM5_Init), (2 bytes).
    Removing SC_Init.o(i.SC_TIM6_Init), (2 bytes).
    Removing SC_Init.o(i.SC_TIM7_Init), (2 bytes).
    Removing SC_Init.o(i.SC_TWI0_Init), (2 bytes).
    Removing SC_Init.o(i.SC_TWI1_Init), (2 bytes).
    Removing SC_Init.o(i.SC_TWI2_Init), (2 bytes).
    Removing SC_Init.o(i.SC_TWI3_Init), (2 bytes).
    Removing SC_Init.o(i.SC_TemperSensor_Init), (2 bytes).
    Removing SC_Init.o(i.SC_UART0_Init), (2 bytes).
    Removing SC_Init.o(i.SC_UART1_Init), (2 bytes).
    Removing SC_Init.o(i.SC_UART2_Init), (2 bytes).
    Removing SC_Init.o(i.SC_UART3_Init), (2 bytes).
    Removing SC_Init.o(i.SC_UART4_Init), (2 bytes).
    Removing SC_Init.o(i.SC_UART5_Init), (2 bytes).
    Removing SC_Init.o(i.SC_VREF_Init), (2 bytes).
    Removing SC_Init.o(i.SC_WDT_Init), (2 bytes).
    Removing SysFunVarDefine.o(.rev16_text), (4 bytes).
    Removing SysFunVarDefine.o(.revsh_text), (4 bytes).
    Removing CompCtrlDefine.o(.rev16_text), (4 bytes).
    Removing CompCtrlDefine.o(.revsh_text), (4 bytes).
    Removing CallBackFunction.o(.rev16_text), (4 bytes).
    Removing CallBackFunction.o(.revsh_text), (4 bytes).
    Removing CallBackFunction.o(i.Customer_BTM_Dispose), (2 bytes).
    Removing CallBackFunction.o(i.Customer_IntoLowPowerMode_Init), (2 bytes).
    Removing CallBackFunction.o(i.Customer_QuitLowPowerMode_Init), (2 bytes).
    Removing sc32f1xxx_option.o(.rev16_text), (4 bytes).
    Removing sc32f1xxx_option.o(.revsh_text), (4 bytes).
    Removing sc32f1xxx_option.o(i.OPTION_IAPPORA), (40 bytes).
    Removing sc32f1xxx_option.o(i.OPTION_IAPPORB), (40 bytes).
    Removing sc32f1xxx_option.o(i.OPTION_JTAGCmd), (32 bytes).
    Removing sc32f1xxx_option.o(i.OPTION_LVRConfig), (28 bytes).
    Removing sc32f1xxx_option.o(i.OPTION_WDTCmd), (32 bytes).
    Removing sc32f1xxx_rcc.o(.rev16_text), (4 bytes).
    Removing sc32f1xxx_rcc.o(.revsh_text), (4 bytes).
    Removing sc32f1xxx_rcc.o(i.RCC_AHBPeriphClockCmd), (24 bytes).
    Removing sc32f1xxx_rcc.o(i.RCC_AHBPeriphResetCmd), (24 bytes).
    Removing sc32f1xxx_rcc.o(i.RCC_APB0Cmd), (24 bytes).
    Removing sc32f1xxx_rcc.o(i.RCC_APB0Config), (24 bytes).
    Removing sc32f1xxx_rcc.o(i.RCC_APB0PeriphClockCmd), (24 bytes).
    Removing sc32f1xxx_rcc.o(i.RCC_APB0PeriphResetCmd), (24 bytes).
    Removing sc32f1xxx_rcc.o(i.RCC_APB1Cmd), (28 bytes).
    Removing sc32f1xxx_rcc.o(i.RCC_APB1Config), (24 bytes).
    Removing sc32f1xxx_rcc.o(i.RCC_APB1PeriphClockCmd), (24 bytes).
    Removing sc32f1xxx_rcc.o(i.RCC_APB1PeriphResetCmd), (24 bytes).
    Removing sc32f1xxx_rcc.o(i.RCC_APB2Cmd), (28 bytes).
    Removing sc32f1xxx_rcc.o(i.RCC_APB2Config), (24 bytes).
    Removing sc32f1xxx_rcc.o(i.RCC_APB2PeriphClockCmd), (24 bytes).
    Removing sc32f1xxx_rcc.o(i.RCC_APB2PeriphResetCmd), (24 bytes).
    Removing sc32f1xxx_rcc.o(i.RCC_BTMCLKConfig), (32 bytes).
    Removing sc32f1xxx_rcc.o(i.RCC_ClearFlag), (16 bytes).
    Removing sc32f1xxx_rcc.o(i.RCC_DeInit), (24 bytes).
    Removing sc32f1xxx_rcc.o(i.RCC_GetClocksFreq), (144 bytes).
    Removing sc32f1xxx_rcc.o(i.RCC_GetFlagStatus), (20 bytes).
    Removing sc32f1xxx_rcc.o(i.RCC_GetSYSCLKSource), (32 bytes).
    Removing sc32f1xxx_rcc.o(i.RCC_LCDLEDCLKConfig), (32 bytes).
    Removing sc32f1xxx_rcc.o(i.RCC_NMICmd), (32 bytes).
    Removing sc32f1xxx_rcc.o(i.RCC_PWM0CLKConfig), (32 bytes).
    Removing sc32f1xxx_rcc.o(i.RCC_SystickGetFlagStatus), (20 bytes).
    Removing sc32f1xxx_rcc.o(i.RCC_WaitConfig), (36 bytes).
    Removing sc32f1xxx_rcc.o(i.SC_Delay), (36 bytes).
    Removing sc32f1xxx_rcc.o(i.SC_Delay_us), (60 bytes).
    Removing sc32f1xxx_rcc.o(i.SC_IncTick), (16 bytes).
    Removing sc32f1xxx_rcc.o(.data), (4 bytes).
    Removing sc32f1xxx_gpio.o(.rev16_text), (4 bytes).
    Removing sc32f1xxx_gpio.o(.revsh_text), (4 bytes).
    Removing sc32f1xxx_gpio.o(i.GPIO_DeInit), (32 bytes).
    Removing sc32f1xxx_gpio.o(i.GPIO_Init), (96 bytes).
    Removing sc32f1xxx_gpio.o(i.GPIO_ReadData), (6 bytes).
    Removing sc32f1xxx_gpio.o(i.GPIO_ReadDataBit), (10 bytes).
    Removing sc32f1xxx_gpio.o(i.GPIO_ResetBits), (30 bytes).
    Removing sc32f1xxx_gpio.o(i.GPIO_SetBits), (30 bytes).
    Removing sc32f1xxx_gpio.o(i.GPIO_SetDriveLevel), (40 bytes).
    Removing sc32f1xxx_gpio.o(i.GPIO_TogglePins), (34 bytes).
    Removing sc32f1xxx_gpio.o(i.GPIO_Write), (4 bytes).
    Removing sc32f1xxx_gpio.o(i.GPIO_WriteBit), (16 bytes).
    Removing buzzer.o(.rev16_text), (4 bytes).
    Removing buzzer.o(.revsh_text), (4 bytes).
    Removing buzzer.o(i.Buzzer_Beep), (28 bytes).
    Removing buzzer.o(i.Buzzer_Init), (48 bytes).
    Removing buzzer.o(i.Buzzer_Stop), (20 bytes).
    Removing buzzer.o(.data), (8 bytes).

150 unused section(s) (total 1702 bytes) removed from the image.

==============================================================================

Image Symbol Table

    Local Symbols

    Symbol Name                              Value     Ov Type        Size  Object(Section)

    ../clib/angel/boardlib.s                 0x00000000   Number         0  boardinit1.o ABSOLUTE
    ../clib/angel/boardlib.s                 0x00000000   Number         0  boardshut.o ABSOLUTE
    ../clib/angel/boardlib.s                 0x00000000   Number         0  boardinit3.o ABSOLUTE
    ../clib/angel/boardlib.s                 0x00000000   Number         0  boardinit2.o ABSOLUTE
    ../clib/angel/handlers.s                 0x00000000   Number         0  __scatter_zi.o ABSOLUTE
    ../clib/angel/kernel.s                   0x00000000   Number         0  rtexit.o ABSOLUTE
    ../clib/angel/kernel.s                   0x00000000   Number         0  __rtentry.o ABSOLUTE
    ../clib/angel/kernel.s                   0x00000000   Number         0  __rtentry4.o ABSOLUTE
    ../clib/angel/kernel.s                   0x00000000   Number         0  __rtentry2.o ABSOLUTE
    ../clib/angel/kernel.s                   0x00000000   Number         0  rtexit2.o ABSOLUTE
    ../clib/angel/rt.s                       0x00000000   Number         0  rt_raise.o ABSOLUTE
    ../clib/angel/rt.s                       0x00000000   Number         0  aeabi_idiv0.o ABSOLUTE
    ../clib/angel/rt.s                       0x00000000   Number         0  aeabi_idiv0_sigfpe.o ABSOLUTE
    ../clib/angel/rt.s                       0x00000000   Number         0  rt_div0.o ABSOLUTE
    ../clib/angel/scatterp.s                 0x00000000   Number         0  __scatter.o ABSOLUTE
    ../clib/angel/startup.s                  0x00000000   Number         0  __main.o ABSOLUTE
    ../clib/angel/sys.s                      0x00000000   Number         0  use_no_semi.o ABSOLUTE
    ../clib/angel/sys.s                      0x00000000   Number         0  tempstk.o ABSOLUTE
    ../clib/angel/sys.s                      0x00000000   Number         0  indicate_semi.o ABSOLUTE
    ../clib/angel/sys.s                      0x00000000   Number         0  sys_stackheap_outer.o ABSOLUTE
    ../clib/angel/sys.s                      0x00000000   Number         0  libspace.o ABSOLUTE
    ../clib/angel/sysapp.c                   0x00000000   Number         0  sys_wrch.o ABSOLUTE
    ../clib/angel/sysapp.c                   0x00000000   Number         0  sys_exit.o ABSOLUTE
    ../clib/angel/sysapp.c                   0x00000000   Number         0  sys_command.o ABSOLUTE
    ../clib/armsys.c                         0x00000000   Number         0  no_argv.o ABSOLUTE
    ../clib/armsys.c                         0x00000000   Number         0  _get_argv_nomalloc.o ABSOLUTE
    ../clib/armsys.c                         0x00000000   Number         0  argv_veneer.o ABSOLUTE
    ../clib/division.s                       0x00000000   Number         0  aeabi_sdiv.o ABSOLUTE
    ../clib/division.s                       0x00000000   Number         0  aeabi_sdiv_div0.o ABSOLUTE
    ../clib/heapalloc.c                      0x00000000   Number         0  hrguard.o ABSOLUTE
    ../clib/heapaux.c                        0x00000000   Number         0  heapauxi.o ABSOLUTE
    ../clib/libinit.s                        0x00000000   Number         0  libshutdown.o ABSOLUTE
    ../clib/libinit.s                        0x00000000   Number         0  libshutdown2.o ABSOLUTE
    ../clib/libinit.s                        0x00000000   Number         0  libinit.o ABSOLUTE
    ../clib/libinit.s                        0x00000000   Number         0  libinit2.o ABSOLUTE
    ../clib/signal.c                         0x00000000   Number         0  defsig_other.o ABSOLUTE
    ../clib/signal.c                         0x00000000   Number         0  defsig_stak_inner.o ABSOLUTE
    ../clib/signal.c                         0x00000000   Number         0  defsig_rtmem_formal.o ABSOLUTE
    ../clib/signal.c                         0x00000000   Number         0  defsig_rtmem_outer.o ABSOLUTE
    ../clib/signal.c                         0x00000000   Number         0  defsig_rtmem_inner.o ABSOLUTE
    ../clib/signal.c                         0x00000000   Number         0  defsig_cppl_inner.o ABSOLUTE
    ../clib/signal.c                         0x00000000   Number         0  defsig_rtred_inner.o ABSOLUTE
    ../clib/signal.c                         0x00000000   Number         0  defsig_fpe_inner.o ABSOLUTE
    ../clib/signal.c                         0x00000000   Number         0  defsig_general.o ABSOLUTE
    ../clib/signal.c                         0x00000000   Number         0  __raise.o ABSOLUTE
    ../clib/signal.c                         0x00000000   Number         0  defsig_fpe_outer.o ABSOLUTE
    ../clib/signal.c                         0x00000000   Number         0  defsig_abrt_inner.o ABSOLUTE
    ../clib/signal.c                         0x00000000   Number         0  defsig_fpe_formal.o ABSOLUTE
    ../clib/signal.c                         0x00000000   Number         0  defsig_segv_inner.o ABSOLUTE
    ../clib/signal.c                         0x00000000   Number         0  defsig_exit.o ABSOLUTE
    ../clib/signal.c                         0x00000000   Number         0  defsig_pvfn_inner.o ABSOLUTE
    ../clib/signal.s                         0x00000000   Number         0  defsig.o ABSOLUTE
    ../clib/stdlib.c                         0x00000000   Number         0  exit.o ABSOLUTE
    ../fplib/cfplib/fpinit.c                 0x00000000   Number         0  fpinit.o ABSOLUTE
    ..\FWLib\HardDrive\buzzer.c              0x00000000   Number         0  buzzer.o ABSOLUTE
    ..\FWLib\SC32F1XXX_Lib\src\sc32f1xxx_gpio.c 0x00000000   Number         0  sc32f1xxx_gpio.o ABSOLUTE
    ..\FWLib\SC32F1XXX_Lib\src\sc32f1xxx_option.c 0x00000000   Number         0  sc32f1xxx_option.o ABSOLUTE
    ..\FWLib\SC32F1XXX_Lib\src\sc32f1xxx_rcc.c 0x00000000   Number         0  sc32f1xxx_rcc.o ABSOLUTE
    ..\User\CallBackFunction.c               0x00000000   Number         0  CallBackFunction.o ABSOLUTE
    ..\User\CompCtrlDefine.c                 0x00000000   Number         0  CompCtrlDefine.o ABSOLUTE
    ..\User\SC_Init.c                        0x00000000   Number         0  SC_Init.o ABSOLUTE
    ..\User\SC_it.c                          0x00000000   Number         0  SC_it.o ABSOLUTE
    ..\User\SysFunVarDefine.c                0x00000000   Number         0  SysFunVarDefine.o ABSOLUTE
    ..\User\main.c                           0x00000000   Number         0  main.o ABSOLUTE
    ..\User\system_sc32f1xxx.c               0x00000000   Number         0  system_sc32f1xxx.o ABSOLUTE
    ..\\FWLib\\HardDrive\\buzzer.c           0x00000000   Number         0  buzzer.o ABSOLUTE
    ..\\FWLib\\SC32F1XXX_Lib\\src\\sc32f1xxx_gpio.c 0x00000000   Number         0  sc32f1xxx_gpio.o ABSOLUTE
    ..\\FWLib\\SC32F1XXX_Lib\\src\\sc32f1xxx_option.c 0x00000000   Number         0  sc32f1xxx_option.o ABSOLUTE
    ..\\FWLib\\SC32F1XXX_Lib\\src\\sc32f1xxx_rcc.c 0x00000000   Number         0  sc32f1xxx_rcc.o ABSOLUTE
    ..\\User\\CallBackFunction.c             0x00000000   Number         0  CallBackFunction.o ABSOLUTE
    ..\\User\\CompCtrlDefine.c               0x00000000   Number         0  CompCtrlDefine.o ABSOLUTE
    ..\\User\\SC_Init.c                      0x00000000   Number         0  SC_Init.o ABSOLUTE
    ..\\User\\SC_it.c                        0x00000000   Number         0  SC_it.o ABSOLUTE
    ..\\User\\SysFunVarDefine.c              0x00000000   Number         0  SysFunVarDefine.o ABSOLUTE
    ..\\User\\main.c                         0x00000000   Number         0  main.o ABSOLUTE
    ..\\User\\system_sc32f1xxx.c             0x00000000   Number         0  system_sc32f1xxx.o ABSOLUTE
    .\startup_sc32f12xx.s                    0x00000000   Number         0  startup_sc32f12xx.o ABSOLUTE
    dc.s                                     0x00000000   Number         0  dc.o ABSOLUTE
    RESET                                    0x08000000   Section      192  startup_sc32f12xx.o(RESET)
    !!!main                                  0x080000c0   Section        8  __main.o(!!!main)
    !!!scatter                               0x080000c8   Section       60  __scatter.o(!!!scatter)
    !!handler_zi                             0x08000104   Section       28  __scatter_zi.o(!!handler_zi)
    .ARM.Collect$$libinit$$00000000          0x08000120   Section        2  libinit.o(.ARM.Collect$$libinit$$00000000)
    .ARM.Collect$$libinit$$00000002          0x08000122   Section        0  libinit2.o(.ARM.Collect$$libinit$$00000002)
    .ARM.Collect$$libinit$$00000004          0x08000122   Section        0  libinit2.o(.ARM.Collect$$libinit$$00000004)
    .ARM.Collect$$libinit$$0000000A          0x08000122   Section        0  libinit2.o(.ARM.Collect$$libinit$$0000000A)
    .ARM.Collect$$libinit$$0000000C          0x08000122   Section        0  libinit2.o(.ARM.Collect$$libinit$$0000000C)
    .ARM.Collect$$libinit$$0000000E          0x08000122   Section        0  libinit2.o(.ARM.Collect$$libinit$$0000000E)
    .ARM.Collect$$libinit$$00000011          0x08000122   Section        0  libinit2.o(.ARM.Collect$$libinit$$00000011)
    .ARM.Collect$$libinit$$00000013          0x08000122   Section        0  libinit2.o(.ARM.Collect$$libinit$$00000013)
    .ARM.Collect$$libinit$$00000015          0x08000122   Section        0  libinit2.o(.ARM.Collect$$libinit$$00000015)
    .ARM.Collect$$libinit$$00000017          0x08000122   Section        0  libinit2.o(.ARM.Collect$$libinit$$00000017)
    .ARM.Collect$$libinit$$00000019          0x08000122   Section        0  libinit2.o(.ARM.Collect$$libinit$$00000019)
    .ARM.Collect$$libinit$$0000001B          0x08000122   Section        0  libinit2.o(.ARM.Collect$$libinit$$0000001B)
    .ARM.Collect$$libinit$$0000001D          0x08000122   Section        0  libinit2.o(.ARM.Collect$$libinit$$0000001D)
    .ARM.Collect$$libinit$$0000001F          0x08000122   Section        0  libinit2.o(.ARM.Collect$$libinit$$0000001F)
    .ARM.Collect$$libinit$$00000021          0x08000122   Section        0  libinit2.o(.ARM.Collect$$libinit$$00000021)
    .ARM.Collect$$libinit$$00000023          0x08000122   Section        0  libinit2.o(.ARM.Collect$$libinit$$00000023)
    .ARM.Collect$$libinit$$00000025          0x08000122   Section        0  libinit2.o(.ARM.Collect$$libinit$$00000025)
    .ARM.Collect$$libinit$$0000002C          0x08000122   Section        0  libinit2.o(.ARM.Collect$$libinit$$0000002C)
    .ARM.Collect$$libinit$$0000002E          0x08000122   Section        0  libinit2.o(.ARM.Collect$$libinit$$0000002E)
    .ARM.Collect$$libinit$$00000030          0x08000122   Section        0  libinit2.o(.ARM.Collect$$libinit$$00000030)
    .ARM.Collect$$libinit$$00000032          0x08000122   Section        0  libinit2.o(.ARM.Collect$$libinit$$00000032)
    .ARM.Collect$$libinit$$00000033          0x08000122   Section        2  libinit2.o(.ARM.Collect$$libinit$$00000033)
    .ARM.Collect$$libshutdown$$00000000      0x08000124   Section        2  libshutdown.o(.ARM.Collect$$libshutdown$$00000000)
    .ARM.Collect$$libshutdown$$00000002      0x08000126   Section        0  libshutdown2.o(.ARM.Collect$$libshutdown$$00000002)
    .ARM.Collect$$libshutdown$$00000004      0x08000126   Section        0  libshutdown2.o(.ARM.Collect$$libshutdown$$00000004)
    .ARM.Collect$$libshutdown$$00000006      0x08000126   Section        0  libshutdown2.o(.ARM.Collect$$libshutdown$$00000006)
    .ARM.Collect$$libshutdown$$00000009      0x08000126   Section        0  libshutdown2.o(.ARM.Collect$$libshutdown$$00000009)
    .ARM.Collect$$libshutdown$$0000000C      0x08000126   Section        0  libshutdown2.o(.ARM.Collect$$libshutdown$$0000000C)
    .ARM.Collect$$libshutdown$$0000000E      0x08000126   Section        0  libshutdown2.o(.ARM.Collect$$libshutdown$$0000000E)
    .ARM.Collect$$libshutdown$$00000011      0x08000126   Section        0  libshutdown2.o(.ARM.Collect$$libshutdown$$00000011)
    .ARM.Collect$$libshutdown$$00000012      0x08000126   Section        2  libshutdown2.o(.ARM.Collect$$libshutdown$$00000012)
    .ARM.Collect$$rtentry$$00000000          0x08000128   Section        0  __rtentry.o(.ARM.Collect$$rtentry$$00000000)
    .ARM.Collect$$rtentry$$00000002          0x08000128   Section        0  __rtentry2.o(.ARM.Collect$$rtentry$$00000002)
    .ARM.Collect$$rtentry$$00000004          0x08000128   Section        6  __rtentry4.o(.ARM.Collect$$rtentry$$00000004)
    .ARM.Collect$$rtentry$$00000009          0x0800012e   Section        0  __rtentry2.o(.ARM.Collect$$rtentry$$00000009)
    .ARM.Collect$$rtentry$$0000000A          0x0800012e   Section        4  __rtentry2.o(.ARM.Collect$$rtentry$$0000000A)
    .ARM.Collect$$rtentry$$0000000C          0x08000132   Section        0  __rtentry2.o(.ARM.Collect$$rtentry$$0000000C)
    .ARM.Collect$$rtentry$$0000000D          0x08000132   Section        8  __rtentry2.o(.ARM.Collect$$rtentry$$0000000D)
    .ARM.Collect$$rtexit$$00000000           0x0800013a   Section        2  rtexit.o(.ARM.Collect$$rtexit$$00000000)
    .ARM.Collect$$rtexit$$00000002           0x0800013c   Section        0  rtexit2.o(.ARM.Collect$$rtexit$$00000002)
    .ARM.Collect$$rtexit$$00000003           0x0800013c   Section        4  rtexit2.o(.ARM.Collect$$rtexit$$00000003)
    .ARM.Collect$$rtexit$$00000004           0x08000140   Section        6  rtexit2.o(.ARM.Collect$$rtexit$$00000004)
    .text                                    0x08000148   Section      196  startup_sc32f12xx.o(.text)
    .text                                    0x0800020c   Section        0  heapauxi.o(.text)
    .text                                    0x08000212   Section       62  sys_stackheap_outer.o(.text)
    .text                                    0x08000250   Section        0  exit.o(.text)
    .text                                    0x08000260   Section        8  libspace.o(.text)
    .text                                    0x08000268   Section        0  sys_exit.o(.text)
    .text                                    0x08000274   Section        2  use_no_semi.o(.text)
    .text                                    0x08000276   Section        0  indicate_semi.o(.text)
    i.ADC_IRQHandler                         0x08000276   Section        0  SC_it.o(i.ADC_IRQHandler)
    i.BTM_IRQHandler                         0x08000278   Section        0  SC_it.o(i.BTM_IRQHandler)
    i.CMP_IRQHandler                         0x0800027a   Section        0  SC_it.o(i.CMP_IRQHandler)
    i.DMA0_IRQHandler                        0x0800027c   Section        0  SC_it.o(i.DMA0_IRQHandler)
    i.DMA1_IRQHandler                        0x0800027e   Section        0  SC_it.o(i.DMA1_IRQHandler)
    i.INT0_IRQHandler                        0x08000280   Section        0  SC_it.o(i.INT0_IRQHandler)
    i.INT12_15_IRQHandler                    0x08000282   Section        0  SC_it.o(i.INT12_15_IRQHandler)
    i.INT1_7_IRQHandler                      0x08000284   Section        0  SC_it.o(i.INT1_7_IRQHandler)
    i.INT8_11_IRQHandler                     0x08000286   Section        0  SC_it.o(i.INT8_11_IRQHandler)
    i.IcResourceInit                         0x08000288   Section        0  CompCtrlDefine.o(i.IcResourceInit)
    i.LEDPWM_IRQHandler                      0x08000290   Section        0  SC_it.o(i.LEDPWM_IRQHandler)
    i.PWM0_IRQHandler                        0x08000292   Section        0  SC_it.o(i.PWM0_IRQHandler)
    i.RCC_HCLKConfig                         0x08000294   Section        0  sc32f1xxx_rcc.o(i.RCC_HCLKConfig)
    i.RCC_HIRCCmd                            0x080002ac   Section        0  sc32f1xxx_rcc.o(i.RCC_HIRCCmd)
    i.RCC_HIRCDIV1Cmd                        0x080002d0   Section        0  sc32f1xxx_rcc.o(i.RCC_HIRCDIV1Cmd)
    i.RCC_HXTCmd                             0x080002f4   Section        0  sc32f1xxx_rcc.o(i.RCC_HXTCmd)
    i.RCC_IRQHandler                         0x08000318   Section        0  SC_it.o(i.RCC_IRQHandler)
    i.RCC_ITConfig                           0x0800031c   Section        0  sc32f1xxx_rcc.o(i.RCC_ITConfig)
    i.RCC_LIRCCmd                            0x08000340   Section        0  sc32f1xxx_rcc.o(i.RCC_LIRCCmd)
    i.RCC_LXTCmd                             0x08000364   Section        0  sc32f1xxx_rcc.o(i.RCC_LXTCmd)
    i.RCC_SYSCLKConfig                       0x08000388   Section        0  sc32f1xxx_rcc.o(i.RCC_SYSCLKConfig)
    i.RCC_SystickCLKConfig                   0x08000400   Section        0  sc32f1xxx_rcc.o(i.RCC_SystickCLKConfig)
    i.RCC_SystickCmd                         0x0800043c   Section        0  sc32f1xxx_rcc.o(i.RCC_SystickCmd)
    i.RCC_SystickSetCounter                  0x08000458   Section        0  sc32f1xxx_rcc.o(i.RCC_SystickSetCounter)
    i.RCC_Unlock                             0x08000474   Section        0  sc32f1xxx_rcc.o(i.RCC_Unlock)
    i.SC_Init                                0x08000488   Section        0  SC_Init.o(i.SC_Init)
    i.SC_RCC_Init                            0x08000494   Section        0  SC_Init.o(i.SC_RCC_Init)
    i.SC_SYSTICK_Init                        0x080004d0   Section        0  SC_Init.o(i.SC_SYSTICK_Init)
    i.SPI0_IRQHandler                        0x080004fc   Section        0  SC_it.o(i.SPI0_IRQHandler)
    i.SPI1_2_IRQHandler                      0x080004fe   Section        0  SC_it.o(i.SPI1_2_IRQHandler)
    i.SysTick_IRQHandler                     0x08000500   Section        0  SC_it.o(i.SysTick_IRQHandler)
    i.SystemInit                             0x08000504   Section        0  system_sc32f1xxx.o(i.SystemInit)
    i.TIMER0_IRQHandler                      0x08000514   Section        0  SC_it.o(i.TIMER0_IRQHandler)
    i.TIMER1_IRQHandler                      0x08000516   Section        0  SC_it.o(i.TIMER1_IRQHandler)
    i.TIMER2_IRQHandler                      0x08000518   Section        0  SC_it.o(i.TIMER2_IRQHandler)
    i.TIMER3_IRQHandler                      0x0800051a   Section        0  SC_it.o(i.TIMER3_IRQHandler)
    i.TIMER4_5_IRQHandler                    0x0800051c   Section        0  SC_it.o(i.TIMER4_5_IRQHandler)
    i.TIMER6_7_IRQHandler                    0x0800051e   Section        0  SC_it.o(i.TIMER6_7_IRQHandler)
    i.TWI0_IRQHandler                        0x08000520   Section        0  SC_it.o(i.TWI0_IRQHandler)
    i.TWI1_IRQHandler                        0x08000522   Section        0  SC_it.o(i.TWI1_IRQHandler)
    i.UART0_2_4_IRQHandler                   0x08000524   Section        0  SC_it.o(i.UART0_2_4_IRQHandler)
    i.UART1_3_5_IRQHandler                   0x08000526   Section        0  SC_it.o(i.UART1_3_5_IRQHandler)
    i.main                                   0x08000528   Section        0  main.o(i.main)
    .bss                                     0x20000000   Section       96  libspace.o(.bss)
    HEAP                                     0x20000060   Section      512  startup_sc32f12xx.o(HEAP)
    Heap_Mem                                 0x20000060   Data         512  startup_sc32f12xx.o(HEAP)
    STACK                                    0x20000260   Section     1280  startup_sc32f12xx.o(STACK)
    Stack_Mem                                0x20000260   Data        1280  startup_sc32f12xx.o(STACK)
    __initial_sp                             0x20000760   Data           0  startup_sc32f12xx.o(STACK)

    Global Symbols

    Symbol Name                              Value     Ov Type        Size  Object(Section)

    BuildAttributes$$THM_ISAv3M$S$PE$A:L22$X:L11$S22$IEEE1$IW$USESV6$~STKCKD$USESV7$~SHL$OSPACE$ROPI$EBA8$UX$STANDARDLIB$REQ8$PRES8$EABIv2 0x00000000   Number         0  anon$$obj.o ABSOLUTE
    __ARM_use_no_argv                        0x00000000   Number         0  main.o ABSOLUTE
    __ARM_exceptions_init                     - Undefined Weak Reference
    __alloca_initialize                       - Undefined Weak Reference
    __arm_fini_                               - Undefined Weak Reference
    __arm_preinit_                            - Undefined Weak Reference
    __cpp_initialize__aeabi_                  - Undefined Weak Reference
    __cxa_finalize                            - Undefined Weak Reference
    __rt_locale                               - Undefined Weak Reference
    __sigvec_lookup                           - Undefined Weak Reference
    _atexit_init                              - Undefined Weak Reference
    _call_atexit_fns                          - Undefined Weak Reference
    _clock_init                               - Undefined Weak Reference
    _fp_trap_init                             - Undefined Weak Reference
    _fp_trap_shutdown                         - Undefined Weak Reference
    _get_lc_collate                           - Undefined Weak Reference
    _get_lc_ctype                             - Undefined Weak Reference
    _get_lc_monetary                          - Undefined Weak Reference
    _get_lc_numeric                           - Undefined Weak Reference
    _get_lc_time                              - Undefined Weak Reference
    _getenv_init                              - Undefined Weak Reference
    _handle_redirection                       - Undefined Weak Reference
    _init_alloc                               - Undefined Weak Reference
    _init_user_alloc                          - Undefined Weak Reference
    _initio                                   - Undefined Weak Reference
    _rand_init                                - Undefined Weak Reference
    _signal_finish                            - Undefined Weak Reference
    _signal_init                              - Undefined Weak Reference
    _terminate_alloc                          - Undefined Weak Reference
    _terminate_user_alloc                     - Undefined Weak Reference
    _terminateio                              - Undefined Weak Reference
    __Vectors_Size                           0x000000c0   Number         0  startup_sc32f12xx.o ABSOLUTE
    __Vectors                                0x08000000   Data           4  startup_sc32f12xx.o(RESET)
    __Vectors_End                            0x080000c0   Data           0  startup_sc32f12xx.o(RESET)
    __main                                   0x080000c1   Thumb Code     8  __main.o(!!!main)
    __scatterload                            0x080000c9   Thumb Code     0  __scatter.o(!!!scatter)
    __scatterload_rt2                        0x080000c9   Thumb Code    52  __scatter.o(!!!scatter)
    __scatterload_rt2_thumb_only             0x080000c9   Thumb Code     0  __scatter.o(!!!scatter)
    __scatterload_null                       0x080000d9   Thumb Code     0  __scatter.o(!!!scatter)
    __scatterload_zeroinit                   0x08000105   Thumb Code    28  __scatter_zi.o(!!handler_zi)
    __rt_lib_init                            0x08000121   Thumb Code     0  libinit.o(.ARM.Collect$$libinit$$00000000)
    __rt_lib_init_alloca_1                   0x08000123   Thumb Code     0  libinit2.o(.ARM.Collect$$libinit$$0000002E)
    __rt_lib_init_argv_1                     0x08000123   Thumb Code     0  libinit2.o(.ARM.Collect$$libinit$$0000002C)
    __rt_lib_init_atexit_1                   0x08000123   Thumb Code     0  libinit2.o(.ARM.Collect$$libinit$$0000001B)
    __rt_lib_init_clock_1                    0x08000123   Thumb Code     0  libinit2.o(.ARM.Collect$$libinit$$00000021)
    __rt_lib_init_cpp_1                      0x08000123   Thumb Code     0  libinit2.o(.ARM.Collect$$libinit$$00000032)
    __rt_lib_init_exceptions_1               0x08000123   Thumb Code     0  libinit2.o(.ARM.Collect$$libinit$$00000030)
    __rt_lib_init_fp_1                       0x08000123   Thumb Code     0  libinit2.o(.ARM.Collect$$libinit$$00000002)
    __rt_lib_init_fp_trap_1                  0x08000123   Thumb Code     0  libinit2.o(.ARM.Collect$$libinit$$0000001F)
    __rt_lib_init_getenv_1                   0x08000123   Thumb Code     0  libinit2.o(.ARM.Collect$$libinit$$00000023)
    __rt_lib_init_heap_1                     0x08000123   Thumb Code     0  libinit2.o(.ARM.Collect$$libinit$$0000000A)
    __rt_lib_init_lc_collate_1               0x08000123   Thumb Code     0  libinit2.o(.ARM.Collect$$libinit$$00000011)
    __rt_lib_init_lc_ctype_1                 0x08000123   Thumb Code     0  libinit2.o(.ARM.Collect$$libinit$$00000013)
    __rt_lib_init_lc_monetary_1              0x08000123   Thumb Code     0  libinit2.o(.ARM.Collect$$libinit$$00000015)
    __rt_lib_init_lc_numeric_1               0x08000123   Thumb Code     0  libinit2.o(.ARM.Collect$$libinit$$00000017)
    __rt_lib_init_lc_time_1                  0x08000123   Thumb Code     0  libinit2.o(.ARM.Collect$$libinit$$00000019)
    __rt_lib_init_preinit_1                  0x08000123   Thumb Code     0  libinit2.o(.ARM.Collect$$libinit$$00000004)
    __rt_lib_init_rand_1                     0x08000123   Thumb Code     0  libinit2.o(.ARM.Collect$$libinit$$0000000E)
    __rt_lib_init_return                     0x08000123   Thumb Code     0  libinit2.o(.ARM.Collect$$libinit$$00000033)
    __rt_lib_init_signal_1                   0x08000123   Thumb Code     0  libinit2.o(.ARM.Collect$$libinit$$0000001D)
    __rt_lib_init_stdio_1                    0x08000123   Thumb Code     0  libinit2.o(.ARM.Collect$$libinit$$00000025)
    __rt_lib_init_user_alloc_1               0x08000123   Thumb Code     0  libinit2.o(.ARM.Collect$$libinit$$0000000C)
    __rt_lib_shutdown                        0x08000125   Thumb Code     0  libshutdown.o(.ARM.Collect$$libshutdown$$00000000)
    __rt_lib_shutdown_cpp_1                  0x08000127   Thumb Code     0  libshutdown2.o(.ARM.Collect$$libshutdown$$00000004)
    __rt_lib_shutdown_fini_1                 0x08000127   Thumb Code     0  libshutdown2.o(.ARM.Collect$$libshutdown$$00000002)
    __rt_lib_shutdown_fp_trap_1              0x08000127   Thumb Code     0  libshutdown2.o(.ARM.Collect$$libshutdown$$00000009)
    __rt_lib_shutdown_heap_1                 0x08000127   Thumb Code     0  libshutdown2.o(.ARM.Collect$$libshutdown$$00000011)
    __rt_lib_shutdown_return                 0x08000127   Thumb Code     0  libshutdown2.o(.ARM.Collect$$libshutdown$$00000012)
    __rt_lib_shutdown_signal_1               0x08000127   Thumb Code     0  libshutdown2.o(.ARM.Collect$$libshutdown$$0000000C)
    __rt_lib_shutdown_stdio_1                0x08000127   Thumb Code     0  libshutdown2.o(.ARM.Collect$$libshutdown$$00000006)
    __rt_lib_shutdown_user_alloc_1           0x08000127   Thumb Code     0  libshutdown2.o(.ARM.Collect$$libshutdown$$0000000E)
    __rt_entry                               0x08000129   Thumb Code     0  __rtentry.o(.ARM.Collect$$rtentry$$00000000)
    __rt_entry_presh_1                       0x08000129   Thumb Code     0  __rtentry2.o(.ARM.Collect$$rtentry$$00000002)
    __rt_entry_sh                            0x08000129   Thumb Code     0  __rtentry4.o(.ARM.Collect$$rtentry$$00000004)
    __rt_entry_li                            0x0800012f   Thumb Code     0  __rtentry2.o(.ARM.Collect$$rtentry$$0000000A)
    __rt_entry_postsh_1                      0x0800012f   Thumb Code     0  __rtentry2.o(.ARM.Collect$$rtentry$$00000009)
    __rt_entry_main                          0x08000133   Thumb Code     0  __rtentry2.o(.ARM.Collect$$rtentry$$0000000D)
    __rt_entry_postli_1                      0x08000133   Thumb Code     0  __rtentry2.o(.ARM.Collect$$rtentry$$0000000C)
    __rt_exit                                0x0800013b   Thumb Code     0  rtexit.o(.ARM.Collect$$rtexit$$00000000)
    __rt_exit_ls                             0x0800013d   Thumb Code     0  rtexit2.o(.ARM.Collect$$rtexit$$00000003)
    __rt_exit_prels_1                        0x0800013d   Thumb Code     0  rtexit2.o(.ARM.Collect$$rtexit$$00000002)
    __rt_exit_exit                           0x08000141   Thumb Code     0  rtexit2.o(.ARM.Collect$$rtexit$$00000004)
    Reset_Handler                            0x08000149   Thumb Code    76  startup_sc32f12xx.o(.text)
    NMI_Handler                              0x08000195   Thumb Code     2  startup_sc32f12xx.o(.text)
    HardFault_Handler                        0x08000197   Thumb Code     2  startup_sc32f12xx.o(.text)
    MemManage_Handler                        0x08000199   Thumb Code     2  startup_sc32f12xx.o(.text)
    BusFault_Handler                         0x0800019b   Thumb Code     2  startup_sc32f12xx.o(.text)
    UsageFault_Handler                       0x0800019d   Thumb Code     2  startup_sc32f12xx.o(.text)
    SVC_Handler                              0x0800019f   Thumb Code     2  startup_sc32f12xx.o(.text)
    DebugMon_Handler                         0x080001a1   Thumb Code     2  startup_sc32f12xx.o(.text)
    PendSV_Handler                           0x080001a3   Thumb Code     2  startup_sc32f12xx.o(.text)
    TK_IRQHandler                            0x080001a7   Thumb Code     0  startup_sc32f12xx.o(.text)
    __user_initial_stackheap                 0x080001a9   Thumb Code     0  startup_sc32f12xx.o(.text)
    __use_two_region_memory                  0x0800020d   Thumb Code     2  heapauxi.o(.text)
    __rt_heap_escrow$2region                 0x0800020f   Thumb Code     2  heapauxi.o(.text)
    __rt_heap_expand$2region                 0x08000211   Thumb Code     2  heapauxi.o(.text)
    __user_setup_stackheap                   0x08000213   Thumb Code    62  sys_stackheap_outer.o(.text)
    exit                                     0x08000251   Thumb Code    16  exit.o(.text)
    __user_libspace                          0x08000261   Thumb Code     8  libspace.o(.text)
    __user_perproc_libspace                  0x08000261   Thumb Code     0  libspace.o(.text)
    __user_perthread_libspace                0x08000261   Thumb Code     0  libspace.o(.text)
    _sys_exit                                0x08000269   Thumb Code     8  sys_exit.o(.text)
    __I$use$semihosting                      0x08000275   Thumb Code     0  use_no_semi.o(.text)
    __use_no_semihosting_swi                 0x08000275   Thumb Code     2  use_no_semi.o(.text)
    ADC_IRQHandler                           0x08000277   Thumb Code     2  SC_it.o(i.ADC_IRQHandler)
    __semihosting_library_function           0x08000277   Thumb Code     0  indicate_semi.o(.text)
    BTM_IRQHandler                           0x08000279   Thumb Code     2  SC_it.o(i.BTM_IRQHandler)
    CMP_IRQHandler                           0x0800027b   Thumb Code     2  SC_it.o(i.CMP_IRQHandler)
    DMA0_IRQHandler                          0x0800027d   Thumb Code     2  SC_it.o(i.DMA0_IRQHandler)
    DMA1_IRQHandler                          0x0800027f   Thumb Code     2  SC_it.o(i.DMA1_IRQHandler)
    INT0_IRQHandler                          0x08000281   Thumb Code     2  SC_it.o(i.INT0_IRQHandler)
    INT12_15_IRQHandler                      0x08000283   Thumb Code     2  SC_it.o(i.INT12_15_IRQHandler)
    INT1_7_IRQHandler                        0x08000285   Thumb Code     2  SC_it.o(i.INT1_7_IRQHandler)
    INT8_11_IRQHandler                       0x08000287   Thumb Code     2  SC_it.o(i.INT8_11_IRQHandler)
    IcResourceInit                           0x08000289   Thumb Code     8  CompCtrlDefine.o(i.IcResourceInit)
    LEDPWM_IRQHandler                        0x08000291   Thumb Code     2  SC_it.o(i.LEDPWM_IRQHandler)
    PWM0_IRQHandler                          0x08000293   Thumb Code     2  SC_it.o(i.PWM0_IRQHandler)
    RCC_HCLKConfig                           0x08000295   Thumb Code    20  sc32f1xxx_rcc.o(i.RCC_HCLKConfig)
    RCC_HIRCCmd                              0x080002ad   Thumb Code    30  sc32f1xxx_rcc.o(i.RCC_HIRCCmd)
    RCC_HIRCDIV1Cmd                          0x080002d1   Thumb Code    30  sc32f1xxx_rcc.o(i.RCC_HIRCDIV1Cmd)
    RCC_HXTCmd                               0x080002f5   Thumb Code    30  sc32f1xxx_rcc.o(i.RCC_HXTCmd)
    RCC_IRQHandler                           0x08000319   Thumb Code     2  SC_it.o(i.RCC_IRQHandler)
    RCC_ITConfig                             0x0800031d   Thumb Code    30  sc32f1xxx_rcc.o(i.RCC_ITConfig)
    RCC_LIRCCmd                              0x08000341   Thumb Code    30  sc32f1xxx_rcc.o(i.RCC_LIRCCmd)
    RCC_LXTCmd                               0x08000365   Thumb Code    32  sc32f1xxx_rcc.o(i.RCC_LXTCmd)
    RCC_SYSCLKConfig                         0x08000389   Thumb Code   112  sc32f1xxx_rcc.o(i.RCC_SYSCLKConfig)
    RCC_SystickCLKConfig                     0x08000401   Thumb Code    50  sc32f1xxx_rcc.o(i.RCC_SystickCLKConfig)
    RCC_SystickCmd                           0x0800043d   Thumb Code    22  sc32f1xxx_rcc.o(i.RCC_SystickCmd)
    RCC_SystickSetCounter                    0x08000459   Thumb Code    18  sc32f1xxx_rcc.o(i.RCC_SystickSetCounter)
    RCC_Unlock                               0x08000475   Thumb Code    16  sc32f1xxx_rcc.o(i.RCC_Unlock)
    SC_Init                                  0x08000489   Thumb Code    12  SC_Init.o(i.SC_Init)
    SC_RCC_Init                              0x08000495   Thumb Code    60  SC_Init.o(i.SC_RCC_Init)
    SC_SYSTICK_Init                          0x080004d1   Thumb Code    40  SC_Init.o(i.SC_SYSTICK_Init)
    SPI0_IRQHandler                          0x080004fd   Thumb Code     2  SC_it.o(i.SPI0_IRQHandler)
    SPI1_2_IRQHandler                        0x080004ff   Thumb Code     2  SC_it.o(i.SPI1_2_IRQHandler)
    SysTick_IRQHandler                       0x08000501   Thumb Code     2  SC_it.o(i.SysTick_IRQHandler)
    SystemInit                               0x08000505   Thumb Code    10  system_sc32f1xxx.o(i.SystemInit)
    TIMER0_IRQHandler                        0x08000515   Thumb Code     2  SC_it.o(i.TIMER0_IRQHandler)
    TIMER1_IRQHandler                        0x08000517   Thumb Code     2  SC_it.o(i.TIMER1_IRQHandler)
    TIMER2_IRQHandler                        0x08000519   Thumb Code     2  SC_it.o(i.TIMER2_IRQHandler)
    TIMER3_IRQHandler                        0x0800051b   Thumb Code     2  SC_it.o(i.TIMER3_IRQHandler)
    TIMER4_5_IRQHandler                      0x0800051d   Thumb Code     2  SC_it.o(i.TIMER4_5_IRQHandler)
    TIMER6_7_IRQHandler                      0x0800051f   Thumb Code     2  SC_it.o(i.TIMER6_7_IRQHandler)
    TWI0_IRQHandler                          0x08000521   Thumb Code     2  SC_it.o(i.TWI0_IRQHandler)
    TWI1_IRQHandler                          0x08000523   Thumb Code     2  SC_it.o(i.TWI1_IRQHandler)
    UART0_2_4_IRQHandler                     0x08000525   Thumb Code     2  SC_it.o(i.UART0_2_4_IRQHandler)
    UART1_3_5_IRQHandler                     0x08000527   Thumb Code     2  SC_it.o(i.UART1_3_5_IRQHandler)
    main                                     0x08000529   Thumb Code     6  main.o(i.main)
    Region$$Table$$Base                      0x08000530   Number         0  anon$$obj.o(Region$$Table)
    Region$$Table$$Limit                     0x08000540   Number         0  anon$$obj.o(Region$$Table)
    __libspace_start                         0x20000000   Data          96  libspace.o(.bss)
    __temporary_stack_top$libspace           0x20000060   Data           0  libspace.o(.bss)



==============================================================================

Memory Map of the image

  Image Entry point : 0x080000c1

  Load Region LR_IROM1 (Base: 0x08000000, Size: 0x00000540, Max: 0x00040000, ABSOLUTE)

    Execution Region ER_IROM1 (Base: 0x08000000, Size: 0x00000540, Max: 0x00040000, ABSOLUTE)

    Base Addr    Size         Type   Attr      Idx    E Section Name        Object

    0x08000000   0x000000c0   Data   RO         1322    RESET               startup_sc32f12xx.o
    0x080000c0   0x00000008   Code   RO         1335  * !!!main             c_p.l(__main.o)
    0x080000c8   0x0000003c   Code   RO         1506    !!!scatter          c_p.l(__scatter.o)
    0x08000104   0x0000001c   Code   RO         1508    !!handler_zi        c_p.l(__scatter_zi.o)
    0x08000120   0x00000002   Code   RO         1373    .ARM.Collect$$libinit$$00000000  c_p.l(libinit.o)
    0x08000122   0x00000000   Code   RO         1387    .ARM.Collect$$libinit$$00000002  c_p.l(libinit2.o)
    0x08000122   0x00000000   Code   RO         1389    .ARM.Collect$$libinit$$00000004  c_p.l(libinit2.o)
    0x08000122   0x00000000   Code   RO         1392    .ARM.Collect$$libinit$$0000000A  c_p.l(libinit2.o)
    0x08000122   0x00000000   Code   RO         1394    .ARM.Collect$$libinit$$0000000C  c_p.l(libinit2.o)
    0x08000122   0x00000000   Code   RO         1396    .ARM.Collect$$libinit$$0000000E  c_p.l(libinit2.o)
    0x08000122   0x00000000   Code   RO         1399    .ARM.Collect$$libinit$$00000011  c_p.l(libinit2.o)
    0x08000122   0x00000000   Code   RO         1401    .ARM.Collect$$libinit$$00000013  c_p.l(libinit2.o)
    0x08000122   0x00000000   Code   RO         1403    .ARM.Collect$$libinit$$00000015  c_p.l(libinit2.o)
    0x08000122   0x00000000   Code   RO         1405    .ARM.Collect$$libinit$$00000017  c_p.l(libinit2.o)
    0x08000122   0x00000000   Code   RO         1407    .ARM.Collect$$libinit$$00000019  c_p.l(libinit2.o)
    0x08000122   0x00000000   Code   RO         1409    .ARM.Collect$$libinit$$0000001B  c_p.l(libinit2.o)
    0x08000122   0x00000000   Code   RO         1411    .ARM.Collect$$libinit$$0000001D  c_p.l(libinit2.o)
    0x08000122   0x00000000   Code   RO         1413    .ARM.Collect$$libinit$$0000001F  c_p.l(libinit2.o)
    0x08000122   0x00000000   Code   RO         1415    .ARM.Collect$$libinit$$00000021  c_p.l(libinit2.o)
    0x08000122   0x00000000   Code   RO         1417    .ARM.Collect$$libinit$$00000023  c_p.l(libinit2.o)
    0x08000122   0x00000000   Code   RO         1419    .ARM.Collect$$libinit$$00000025  c_p.l(libinit2.o)
    0x08000122   0x00000000   Code   RO         1423    .ARM.Collect$$libinit$$0000002C  c_p.l(libinit2.o)
    0x08000122   0x00000000   Code   RO         1425    .ARM.Collect$$libinit$$0000002E  c_p.l(libinit2.o)
    0x08000122   0x00000000   Code   RO         1427    .ARM.Collect$$libinit$$00000030  c_p.l(libinit2.o)
    0x08000122   0x00000000   Code   RO         1429    .ARM.Collect$$libinit$$00000032  c_p.l(libinit2.o)
    0x08000122   0x00000002   Code   RO         1430    .ARM.Collect$$libinit$$00000033  c_p.l(libinit2.o)
    0x08000124   0x00000002   Code   RO         1461    .ARM.Collect$$libshutdown$$00000000  c_p.l(libshutdown.o)
    0x08000126   0x00000000   Code   RO         1487    .ARM.Collect$$libshutdown$$00000002  c_p.l(libshutdown2.o)
    0x08000126   0x00000000   Code   RO         1489    .ARM.Collect$$libshutdown$$00000004  c_p.l(libshutdown2.o)
    0x08000126   0x00000000   Code   RO         1491    .ARM.Collect$$libshutdown$$00000006  c_p.l(libshutdown2.o)
    0x08000126   0x00000000   Code   RO         1494    .ARM.Collect$$libshutdown$$00000009  c_p.l(libshutdown2.o)
    0x08000126   0x00000000   Code   RO         1497    .ARM.Collect$$libshutdown$$0000000C  c_p.l(libshutdown2.o)
    0x08000126   0x00000000   Code   RO         1499    .ARM.Collect$$libshutdown$$0000000E  c_p.l(libshutdown2.o)
    0x08000126   0x00000000   Code   RO         1502    .ARM.Collect$$libshutdown$$00000011  c_p.l(libshutdown2.o)
    0x08000126   0x00000002   Code   RO         1503    .ARM.Collect$$libshutdown$$00000012  c_p.l(libshutdown2.o)
    0x08000128   0x00000000   Code   RO         1337    .ARM.Collect$$rtentry$$00000000  c_p.l(__rtentry.o)
    0x08000128   0x00000000   Code   RO         1343    .ARM.Collect$$rtentry$$00000002  c_p.l(__rtentry2.o)
    0x08000128   0x00000006   Code   RO         1355    .ARM.Collect$$rtentry$$00000004  c_p.l(__rtentry4.o)
    0x0800012e   0x00000000   Code   RO         1345    .ARM.Collect$$rtentry$$00000009  c_p.l(__rtentry2.o)
    0x0800012e   0x00000004   Code   RO         1346    .ARM.Collect$$rtentry$$0000000A  c_p.l(__rtentry2.o)
    0x08000132   0x00000000   Code   RO         1348    .ARM.Collect$$rtentry$$0000000C  c_p.l(__rtentry2.o)
    0x08000132   0x00000008   Code   RO         1349    .ARM.Collect$$rtentry$$0000000D  c_p.l(__rtentry2.o)
    0x0800013a   0x00000002   Code   RO         1378    .ARM.Collect$$rtexit$$00000000  c_p.l(rtexit.o)
    0x0800013c   0x00000000   Code   RO         1434    .ARM.Collect$$rtexit$$00000002  c_p.l(rtexit2.o)
    0x0800013c   0x00000004   Code   RO         1435    .ARM.Collect$$rtexit$$00000003  c_p.l(rtexit2.o)
    0x08000140   0x00000006   Code   RO         1436    .ARM.Collect$$rtexit$$00000004  c_p.l(rtexit2.o)
    0x08000146   0x00000002   PAD
    0x08000148   0x000000c4   Code   RO         1323    .text               startup_sc32f12xx.o
    0x0800020c   0x00000006   Code   RO         1333    .text               c_p.l(heapauxi.o)
    0x08000212   0x0000003e   Code   RO         1359    .text               c_p.l(sys_stackheap_outer.o)
    0x08000250   0x00000010   Code   RO         1362    .text               c_p.l(exit.o)
    0x08000260   0x00000008   Code   RO         1374    .text               c_p.l(libspace.o)
    0x08000268   0x0000000c   Code   RO         1431    .text               c_p.l(sys_exit.o)
    0x08000274   0x00000002   Code   RO         1450    .text               c_p.l(use_no_semi.o)
    0x08000276   0x00000000   Code   RO         1452    .text               c_p.l(indicate_semi.o)
    0x08000276   0x00000002   Code   RO          172    i.ADC_IRQHandler    SC_it.o
    0x08000278   0x00000002   Code   RO          173    i.BTM_IRQHandler    SC_it.o
    0x0800027a   0x00000002   Code   RO          177    i.CMP_IRQHandler    SC_it.o
    0x0800027c   0x00000002   Code   RO          178    i.DMA0_IRQHandler   SC_it.o
    0x0800027e   0x00000002   Code   RO          179    i.DMA1_IRQHandler   SC_it.o
    0x08000280   0x00000002   Code   RO          183    i.INT0_IRQHandler   SC_it.o
    0x08000282   0x00000002   Code   RO          184    i.INT12_15_IRQHandler  SC_it.o
    0x08000284   0x00000002   Code   RO          185    i.INT1_7_IRQHandler  SC_it.o
    0x08000286   0x00000002   Code   RO          186    i.INT8_11_IRQHandler  SC_it.o
    0x08000288   0x00000008   Code   RO          855    i.IcResourceInit    CompCtrlDefine.o
    0x08000290   0x00000002   Code   RO          187    i.LEDPWM_IRQHandler  SC_it.o
    0x08000292   0x00000002   Code   RO          190    i.PWM0_IRQHandler   SC_it.o
    0x08000294   0x00000018   Code   RO          974    i.RCC_HCLKConfig    sc32f1xxx_rcc.o
    0x080002ac   0x00000024   Code   RO          975    i.RCC_HIRCCmd       sc32f1xxx_rcc.o
    0x080002d0   0x00000024   Code   RO          976    i.RCC_HIRCDIV1Cmd   sc32f1xxx_rcc.o
    0x080002f4   0x00000024   Code   RO          977    i.RCC_HXTCmd        sc32f1xxx_rcc.o
    0x08000318   0x00000002   Code   RO          193    i.RCC_IRQHandler    SC_it.o
    0x0800031a   0x00000002   PAD
    0x0800031c   0x00000024   Code   RO          978    i.RCC_ITConfig      sc32f1xxx_rcc.o
    0x08000340   0x00000024   Code   RO          980    i.RCC_LIRCCmd       sc32f1xxx_rcc.o
    0x08000364   0x00000024   Code   RO          981    i.RCC_LXTCmd        sc32f1xxx_rcc.o
    0x08000388   0x00000078   Code   RO          984    i.RCC_SYSCLKConfig  sc32f1xxx_rcc.o
    0x08000400   0x0000003c   Code   RO          985    i.RCC_SystickCLKConfig  sc32f1xxx_rcc.o
    0x0800043c   0x0000001c   Code   RO          986    i.RCC_SystickCmd    sc32f1xxx_rcc.o
    0x08000458   0x0000001c   Code   RO          988    i.RCC_SystickSetCounter  sc32f1xxx_rcc.o
    0x08000474   0x00000014   Code   RO          989    i.RCC_Unlock        sc32f1xxx_rcc.o
    0x08000488   0x0000000c   Code   RO          465    i.SC_Init           SC_Init.o
    0x08000494   0x0000003c   Code   RO          483    i.SC_RCC_Init       SC_Init.o
    0x080004d0   0x0000002c   Code   RO          488    i.SC_SYSTICK_Init   SC_Init.o
    0x080004fc   0x00000002   Code   RO          194    i.SPI0_IRQHandler   SC_it.o
    0x080004fe   0x00000002   Code   RO          195    i.SPI1_2_IRQHandler  SC_it.o
    0x08000500   0x00000002   Code   RO          198    i.SysTick_IRQHandler  SC_it.o
    0x08000502   0x00000002   PAD
    0x08000504   0x00000010   Code   RO          152    i.SystemInit        system_sc32f1xxx.o
    0x08000514   0x00000002   Code   RO          199    i.TIMER0_IRQHandler  SC_it.o
    0x08000516   0x00000002   Code   RO          200    i.TIMER1_IRQHandler  SC_it.o
    0x08000518   0x00000002   Code   RO          201    i.TIMER2_IRQHandler  SC_it.o
    0x0800051a   0x00000002   Code   RO          202    i.TIMER3_IRQHandler  SC_it.o
    0x0800051c   0x00000002   Code   RO          203    i.TIMER4_5_IRQHandler  SC_it.o
    0x0800051e   0x00000002   Code   RO          204    i.TIMER6_7_IRQHandler  SC_it.o
    0x08000520   0x00000002   Code   RO          205    i.TWI0_IRQHandler   SC_it.o
    0x08000522   0x00000002   Code   RO          206    i.TWI1_IRQHandler   SC_it.o
    0x08000524   0x00000002   Code   RO          209    i.UART0_2_4_IRQHandler  SC_it.o
    0x08000526   0x00000002   Code   RO          211    i.UART1_3_5_IRQHandler  SC_it.o
    0x08000528   0x00000006   Code   RO            3    i.main              main.o
    0x0800052e   0x00000002   PAD
    0x08000530   0x00000010   Data   RO         1504    Region$$Table       anon$$obj.o


    Execution Region RW_IRAM1 (Base: 0x20000000, Size: 0x00000760, Max: 0x00004000, ABSOLUTE)

    Base Addr    Size         Type   Attr      Idx    E Section Name        Object

    0x20000000   0x00000060   Zero   RW         1375    .bss                c_p.l(libspace.o)
    0x20000060   0x00000200   Zero   RW         1321    HEAP                startup_sc32f12xx.o
    0x20000260   0x00000500   Zero   RW         1320    STACK               startup_sc32f12xx.o


==============================================================================

Image component sizes


      Code (inc. data)   RO Data    RW Data    ZI Data      Debug   Object Name

         8          0          0          0          0        421   CompCtrlDefine.o
       116          4          0          0          0      10822   SC_Init.o
        50          0          0          0          0       9476   SC_it.o
         6          0          0          0          0      68751   main.o
       496         76          0          0          0       6864   sc32f1xxx_rcc.o
       196         90        192          0       1792        792   startup_sc32f12xx.o
        16          6          0          0          0        393   system_sc32f1xxx.o

    ----------------------------------------------------------------------
       894        176        208          0       1792      97519   Object Totals
         0          0         16          0          0          0   (incl. Generated)
         6          0          0          0          0          0   (incl. Padding)

    ----------------------------------------------------------------------

      Code (inc. data)   RO Data    RW Data    ZI Data      Debug   Library Member Name

         8          0          0          0          0         68   __main.o
         0          0          0          0          0          0   __rtentry.o
        12          0          0          0          0          0   __rtentry2.o
         6          0          0          0          0          0   __rtentry4.o
        60          8          0          0          0          0   __scatter.o
        28          0          0          0          0          0   __scatter_zi.o
        16          0          0          0          0         68   exit.o
         6          0          0          0          0        136   heapauxi.o
         0          0          0          0          0          0   indicate_semi.o
         2          0          0          0          0          0   libinit.o
         2          0          0          0          0          0   libinit2.o
         2          0          0          0          0          0   libshutdown.o
         2          0          0          0          0          0   libshutdown2.o
         8          4          0          0         96         68   libspace.o
         2          0          0          0          0          0   rtexit.o
        10          0          0          0          0          0   rtexit2.o
        12          4          0          0          0         60   sys_exit.o
        62          0          0          0          0         80   sys_stackheap_outer.o
         2          0          0          0          0         68   use_no_semi.o

    ----------------------------------------------------------------------
       242         16          0          0         96        548   Library Totals
         2          0          0          0          0          0   (incl. Padding)

    ----------------------------------------------------------------------

      Code (inc. data)   RO Data    RW Data    ZI Data      Debug   Library Name

       240         16          0          0         96        548   c_p.l

    ----------------------------------------------------------------------
       242         16          0          0         96        548   Library Totals

    ----------------------------------------------------------------------

==============================================================================


      Code (inc. data)   RO Data    RW Data    ZI Data      Debug   

      1136        192        208          0       1888      96191   Grand Totals
      1136        192        208          0       1888      96191   ELF Image Totals
      1136        192        208          0          0          0   ROM Totals

==============================================================================

    Total RO  Size (Code + RO Data)                 1344 (   1.31kB)
    Total RW  Size (RW Data + ZI Data)              1888 (   1.84kB)
    Total ROM Size (Code + RO Data + RW Data)       1344 (   1.31kB)

==============================================================================

