<!doctype html public "-//w3c//dtd html 4.0 transitional//en">
<html><head>
<title>Static Call Graph - [..\Output\elec_scale.axf]</title></head>
<body><HR>
<H1>Static Call Graph for image ..\Output\elec_scale.axf</H1><HR>
<BR><P>#&#060CALLGRAPH&#062# ARM Linker, 5060960: Last Updated: Fri Nov 07 00:27:14 2025
<BR><P>
<H3>Maximum Stack Usage =         76 bytes + Unknown(Functions without stacksize, Cycles, Untraceable Function Pointers)</H3><H3>
Call chain for Maximum Stack Depth:</H3>
__rt_entry_main &rArr; main &rArr; Application_Init &rArr; WeightSensor_Init &rArr; WeightSensor_OPInit &rArr; OP_OffsetSet
<P>
<H3>
Functions with no stack information
</H3><UL>
 <LI><a href="#[47]">__user_initial_stackheap</a>
</UL>
</UL>
<P>
<H3>
Mutually Recursive functions
</H3> <LI><a href="#[6]">NMI_Handler</a>&nbsp;&nbsp;&nbsp;&rArr;&nbsp;&nbsp;&nbsp;<a href="#[6]">NMI_Handler</a><BR>
 <LI><a href="#[7]">HardFault_Handler</a>&nbsp;&nbsp;&nbsp;&rArr;&nbsp;&nbsp;&nbsp;<a href="#[7]">HardFault_Handler</a><BR>
 <LI><a href="#[8]">MemManage_Handler</a>&nbsp;&nbsp;&nbsp;&rArr;&nbsp;&nbsp;&nbsp;<a href="#[8]">MemManage_Handler</a><BR>
 <LI><a href="#[9]">BusFault_Handler</a>&nbsp;&nbsp;&nbsp;&rArr;&nbsp;&nbsp;&nbsp;<a href="#[9]">BusFault_Handler</a><BR>
 <LI><a href="#[a]">UsageFault_Handler</a>&nbsp;&nbsp;&nbsp;&rArr;&nbsp;&nbsp;&nbsp;<a href="#[a]">UsageFault_Handler</a><BR>
 <LI><a href="#[b]">SVC_Handler</a>&nbsp;&nbsp;&nbsp;&rArr;&nbsp;&nbsp;&nbsp;<a href="#[b]">SVC_Handler</a><BR>
 <LI><a href="#[c]">DebugMon_Handler</a>&nbsp;&nbsp;&nbsp;&rArr;&nbsp;&nbsp;&nbsp;<a href="#[c]">DebugMon_Handler</a><BR>
 <LI><a href="#[d]">PendSV_Handler</a>&nbsp;&nbsp;&nbsp;&rArr;&nbsp;&nbsp;&nbsp;<a href="#[d]">PendSV_Handler</a><BR>
 <LI><a href="#[27]">TK_IRQHandler</a>&nbsp;&nbsp;&nbsp;&rArr;&nbsp;&nbsp;&nbsp;<a href="#[27]">TK_IRQHandler</a><BR>
</UL>
<P>
<H3>
Function Pointers
</H3><UL>
 <LI><a href="#[25]">ADC_IRQHandler</a> from SC_it.o(i.ADC_IRQHandler) referenced from startup_sc32f12xx.o(RESET)
 <LI><a href="#[14]">BTM_IRQHandler</a> from SC_it.o(i.BTM_IRQHandler) referenced from startup_sc32f12xx.o(RESET)
 <LI><a href="#[9]">BusFault_Handler</a> from startup_sc32f12xx.o(.text) referenced from startup_sc32f12xx.o(RESET)
 <LI><a href="#[26]">CMP_IRQHandler</a> from SC_it.o(i.CMP_IRQHandler) referenced from startup_sc32f12xx.o(RESET)
 <LI><a href="#[19]">DMA0_IRQHandler</a> from SC_it.o(i.DMA0_IRQHandler) referenced from startup_sc32f12xx.o(RESET)
 <LI><a href="#[1a]">DMA1_IRQHandler</a> from SC_it.o(i.DMA1_IRQHandler) referenced from startup_sc32f12xx.o(RESET)
 <LI><a href="#[c]">DebugMon_Handler</a> from startup_sc32f12xx.o(.text) referenced from startup_sc32f12xx.o(RESET)
 <LI><a href="#[7]">HardFault_Handler</a> from startup_sc32f12xx.o(.text) referenced from startup_sc32f12xx.o(RESET)
 <LI><a href="#[f]">INT0_IRQHandler</a> from SC_it.o(i.INT0_IRQHandler) referenced from startup_sc32f12xx.o(RESET)
 <LI><a href="#[12]">INT12_15_IRQHandler</a> from SC_it.o(i.INT12_15_IRQHandler) referenced from startup_sc32f12xx.o(RESET)
 <LI><a href="#[10]">INT1_7_IRQHandler</a> from SC_it.o(i.INT1_7_IRQHandler) referenced from startup_sc32f12xx.o(RESET)
 <LI><a href="#[11]">INT8_11_IRQHandler</a> from SC_it.o(i.INT8_11_IRQHandler) referenced from startup_sc32f12xx.o(RESET)
 <LI><a href="#[2a]">Key_Pressed_Handler</a> from key_handler.o(i.Key_Pressed_Handler) referenced from app_init.o(i.Application_Init)
 <LI><a href="#[22]">LEDPWM_IRQHandler</a> from SC_it.o(i.LEDPWM_IRQHandler) referenced from startup_sc32f12xx.o(RESET)
 <LI><a href="#[8]">MemManage_Handler</a> from startup_sc32f12xx.o(.text) referenced from startup_sc32f12xx.o(RESET)
 <LI><a href="#[6]">NMI_Handler</a> from startup_sc32f12xx.o(.text) referenced from startup_sc32f12xx.o(RESET)
 <LI><a href="#[21]">PWM0_IRQHandler</a> from SC_it.o(i.PWM0_IRQHandler) referenced from startup_sc32f12xx.o(RESET)
 <LI><a href="#[d]">PendSV_Handler</a> from startup_sc32f12xx.o(.text) referenced from startup_sc32f12xx.o(RESET)
 <LI><a href="#[13]">RCC_IRQHandler</a> from SC_it.o(i.RCC_IRQHandler) referenced from startup_sc32f12xx.o(RESET)
 <LI><a href="#[5]">Reset_Handler</a> from startup_sc32f12xx.o(.text) referenced from startup_sc32f12xx.o(RESET)
 <LI><a href="#[17]">SPI0_IRQHandler</a> from SC_it.o(i.SPI0_IRQHandler) referenced from startup_sc32f12xx.o(RESET)
 <LI><a href="#[18]">SPI1_2_IRQHandler</a> from SC_it.o(i.SPI1_2_IRQHandler) referenced from startup_sc32f12xx.o(RESET)
 <LI><a href="#[b]">SVC_Handler</a> from startup_sc32f12xx.o(.text) referenced from startup_sc32f12xx.o(RESET)
 <LI><a href="#[e]">SysTick_IRQHandler</a> from SC_it.o(i.SysTick_IRQHandler) referenced from startup_sc32f12xx.o(RESET)
 <LI><a href="#[28]">SystemInit</a> from system_sc32f1xxx.o(i.SystemInit) referenced from startup_sc32f12xx.o(.text)
 <LI><a href="#[1b]">TIMER0_IRQHandler</a> from SC_it.o(i.TIMER0_IRQHandler) referenced from startup_sc32f12xx.o(RESET)
 <LI><a href="#[1c]">TIMER1_IRQHandler</a> from SC_it.o(i.TIMER1_IRQHandler) referenced from startup_sc32f12xx.o(RESET)
 <LI><a href="#[1d]">TIMER2_IRQHandler</a> from SC_it.o(i.TIMER2_IRQHandler) referenced from startup_sc32f12xx.o(RESET)
 <LI><a href="#[1e]">TIMER3_IRQHandler</a> from SC_it.o(i.TIMER3_IRQHandler) referenced from startup_sc32f12xx.o(RESET)
 <LI><a href="#[1f]">TIMER4_5_IRQHandler</a> from SC_it.o(i.TIMER4_5_IRQHandler) referenced from startup_sc32f12xx.o(RESET)
 <LI><a href="#[20]">TIMER6_7_IRQHandler</a> from SC_it.o(i.TIMER6_7_IRQHandler) referenced from startup_sc32f12xx.o(RESET)
 <LI><a href="#[27]">TK_IRQHandler</a> from startup_sc32f12xx.o(.text) referenced from startup_sc32f12xx.o(RESET)
 <LI><a href="#[23]">TWI0_IRQHandler</a> from SC_it.o(i.TWI0_IRQHandler) referenced from startup_sc32f12xx.o(RESET)
 <LI><a href="#[24]">TWI1_IRQHandler</a> from SC_it.o(i.TWI1_IRQHandler) referenced from startup_sc32f12xx.o(RESET)
 <LI><a href="#[15]">UART0_2_4_IRQHandler</a> from SC_it.o(i.UART0_2_4_IRQHandler) referenced from startup_sc32f12xx.o(RESET)
 <LI><a href="#[16]">UART1_3_5_IRQHandler</a> from SC_it.o(i.UART1_3_5_IRQHandler) referenced from startup_sc32f12xx.o(RESET)
 <LI><a href="#[a]">UsageFault_Handler</a> from startup_sc32f12xx.o(.text) referenced from startup_sc32f12xx.o(RESET)
 <LI><a href="#[2b]">__main</a> from __main.o(!!!main) referenced from startup_sc32f12xx.o(.text)
</UL>
<P>
<H3>
Global Symbols
</H3>
<P><STRONG><a name="[2b]"></a>__main</STRONG> (Thumb, 8 bytes, Stack size 0 bytes, __main.o(!!!main))
<BR><BR>[Calls]<UL><LI><a href="#[2c]">&gt;&gt;</a>&nbsp;&nbsp;&nbsp;__scatterload
<LI><a href="#[2d]">&gt;&gt;</a>&nbsp;&nbsp;&nbsp;__rt_entry
</UL>

<P><STRONG><a name="[2c]"></a>__scatterload</STRONG> (Thumb, 0 bytes, Stack size unknown bytes, __scatter.o(!!!scatter))
<BR><BR>[Called By]<UL><LI><a href="#[2b]">&gt;&gt;</a>&nbsp;&nbsp;&nbsp;__main
</UL>

<P><STRONG><a name="[2e]"></a>__scatterload_rt2</STRONG> (Thumb, 52 bytes, Stack size unknown bytes, __scatter.o(!!!scatter), UNUSED)
<BR><BR>[Calls]<UL><LI><a href="#[2d]">&gt;&gt;</a>&nbsp;&nbsp;&nbsp;__rt_entry
</UL>

<P><STRONG><a name="[9a]"></a>__scatterload_rt2_thumb_only</STRONG> (Thumb, 0 bytes, Stack size unknown bytes, __scatter.o(!!!scatter), UNUSED)

<P><STRONG><a name="[9b]"></a>__scatterload_null</STRONG> (Thumb, 0 bytes, Stack size unknown bytes, __scatter.o(!!!scatter), UNUSED)

<P><STRONG><a name="[2f]"></a>__scatterload_copy</STRONG> (Thumb, 26 bytes, Stack size unknown bytes, __scatter_copy.o(!!handler_copy), UNUSED)
<BR><BR>[Calls]<UL><LI><a href="#[2f]">&gt;&gt;</a>&nbsp;&nbsp;&nbsp;__scatterload_copy
</UL>
<BR>[Called By]<UL><LI><a href="#[2f]">&gt;&gt;</a>&nbsp;&nbsp;&nbsp;__scatterload_copy
</UL>

<P><STRONG><a name="[9c]"></a>__scatterload_zeroinit</STRONG> (Thumb, 28 bytes, Stack size unknown bytes, __scatter_zi.o(!!handler_zi), UNUSED)

<P><STRONG><a name="[33]"></a>__rt_lib_init</STRONG> (Thumb, 0 bytes, Stack size unknown bytes, libinit.o(.ARM.Collect$$libinit$$00000000))
<BR><BR>[Called By]<UL><LI><a href="#[32]">&gt;&gt;</a>&nbsp;&nbsp;&nbsp;__rt_entry_li
</UL>

<P><STRONG><a name="[9d]"></a>__rt_lib_init_alloca_1</STRONG> (Thumb, 0 bytes, Stack size unknown bytes, libinit2.o(.ARM.Collect$$libinit$$0000002E))

<P><STRONG><a name="[9e]"></a>__rt_lib_init_argv_1</STRONG> (Thumb, 0 bytes, Stack size unknown bytes, libinit2.o(.ARM.Collect$$libinit$$0000002C))

<P><STRONG><a name="[9f]"></a>__rt_lib_init_atexit_1</STRONG> (Thumb, 0 bytes, Stack size unknown bytes, libinit2.o(.ARM.Collect$$libinit$$0000001B))

<P><STRONG><a name="[a0]"></a>__rt_lib_init_clock_1</STRONG> (Thumb, 0 bytes, Stack size unknown bytes, libinit2.o(.ARM.Collect$$libinit$$00000021))

<P><STRONG><a name="[a1]"></a>__rt_lib_init_cpp_1</STRONG> (Thumb, 0 bytes, Stack size unknown bytes, libinit2.o(.ARM.Collect$$libinit$$00000032))

<P><STRONG><a name="[a2]"></a>__rt_lib_init_exceptions_1</STRONG> (Thumb, 0 bytes, Stack size unknown bytes, libinit2.o(.ARM.Collect$$libinit$$00000030))

<P><STRONG><a name="[a3]"></a>__rt_lib_init_fp_1</STRONG> (Thumb, 0 bytes, Stack size unknown bytes, libinit2.o(.ARM.Collect$$libinit$$00000002))

<P><STRONG><a name="[a4]"></a>__rt_lib_init_fp_trap_1</STRONG> (Thumb, 0 bytes, Stack size unknown bytes, libinit2.o(.ARM.Collect$$libinit$$0000001F))

<P><STRONG><a name="[a5]"></a>__rt_lib_init_getenv_1</STRONG> (Thumb, 0 bytes, Stack size unknown bytes, libinit2.o(.ARM.Collect$$libinit$$00000023))

<P><STRONG><a name="[a6]"></a>__rt_lib_init_heap_1</STRONG> (Thumb, 0 bytes, Stack size unknown bytes, libinit2.o(.ARM.Collect$$libinit$$0000000A))

<P><STRONG><a name="[a7]"></a>__rt_lib_init_lc_collate_1</STRONG> (Thumb, 0 bytes, Stack size unknown bytes, libinit2.o(.ARM.Collect$$libinit$$00000011))

<P><STRONG><a name="[a8]"></a>__rt_lib_init_lc_ctype_1</STRONG> (Thumb, 0 bytes, Stack size unknown bytes, libinit2.o(.ARM.Collect$$libinit$$00000013))

<P><STRONG><a name="[a9]"></a>__rt_lib_init_lc_monetary_1</STRONG> (Thumb, 0 bytes, Stack size unknown bytes, libinit2.o(.ARM.Collect$$libinit$$00000015))

<P><STRONG><a name="[aa]"></a>__rt_lib_init_lc_numeric_1</STRONG> (Thumb, 0 bytes, Stack size unknown bytes, libinit2.o(.ARM.Collect$$libinit$$00000017))

<P><STRONG><a name="[ab]"></a>__rt_lib_init_lc_time_1</STRONG> (Thumb, 0 bytes, Stack size unknown bytes, libinit2.o(.ARM.Collect$$libinit$$00000019))

<P><STRONG><a name="[ac]"></a>__rt_lib_init_preinit_1</STRONG> (Thumb, 0 bytes, Stack size unknown bytes, libinit2.o(.ARM.Collect$$libinit$$00000004))

<P><STRONG><a name="[ad]"></a>__rt_lib_init_rand_1</STRONG> (Thumb, 0 bytes, Stack size unknown bytes, libinit2.o(.ARM.Collect$$libinit$$0000000E))

<P><STRONG><a name="[ae]"></a>__rt_lib_init_return</STRONG> (Thumb, 0 bytes, Stack size unknown bytes, libinit2.o(.ARM.Collect$$libinit$$00000033))

<P><STRONG><a name="[af]"></a>__rt_lib_init_signal_1</STRONG> (Thumb, 0 bytes, Stack size unknown bytes, libinit2.o(.ARM.Collect$$libinit$$0000001D))

<P><STRONG><a name="[b0]"></a>__rt_lib_init_stdio_1</STRONG> (Thumb, 0 bytes, Stack size unknown bytes, libinit2.o(.ARM.Collect$$libinit$$00000025))

<P><STRONG><a name="[b1]"></a>__rt_lib_init_user_alloc_1</STRONG> (Thumb, 0 bytes, Stack size unknown bytes, libinit2.o(.ARM.Collect$$libinit$$0000000C))

<P><STRONG><a name="[38]"></a>__rt_lib_shutdown</STRONG> (Thumb, 0 bytes, Stack size unknown bytes, libshutdown.o(.ARM.Collect$$libshutdown$$00000000))
<BR><BR>[Called By]<UL><LI><a href="#[37]">&gt;&gt;</a>&nbsp;&nbsp;&nbsp;__rt_exit_ls
</UL>

<P><STRONG><a name="[b2]"></a>__rt_lib_shutdown_cpp_1</STRONG> (Thumb, 0 bytes, Stack size unknown bytes, libshutdown2.o(.ARM.Collect$$libshutdown$$00000004))

<P><STRONG><a name="[b3]"></a>__rt_lib_shutdown_fini_1</STRONG> (Thumb, 0 bytes, Stack size unknown bytes, libshutdown2.o(.ARM.Collect$$libshutdown$$00000002))

<P><STRONG><a name="[b4]"></a>__rt_lib_shutdown_fp_trap_1</STRONG> (Thumb, 0 bytes, Stack size unknown bytes, libshutdown2.o(.ARM.Collect$$libshutdown$$00000009))

<P><STRONG><a name="[b5]"></a>__rt_lib_shutdown_heap_1</STRONG> (Thumb, 0 bytes, Stack size unknown bytes, libshutdown2.o(.ARM.Collect$$libshutdown$$00000011))

<P><STRONG><a name="[b6]"></a>__rt_lib_shutdown_return</STRONG> (Thumb, 0 bytes, Stack size unknown bytes, libshutdown2.o(.ARM.Collect$$libshutdown$$00000012))

<P><STRONG><a name="[b7]"></a>__rt_lib_shutdown_signal_1</STRONG> (Thumb, 0 bytes, Stack size unknown bytes, libshutdown2.o(.ARM.Collect$$libshutdown$$0000000C))

<P><STRONG><a name="[b8]"></a>__rt_lib_shutdown_stdio_1</STRONG> (Thumb, 0 bytes, Stack size unknown bytes, libshutdown2.o(.ARM.Collect$$libshutdown$$00000006))

<P><STRONG><a name="[b9]"></a>__rt_lib_shutdown_user_alloc_1</STRONG> (Thumb, 0 bytes, Stack size unknown bytes, libshutdown2.o(.ARM.Collect$$libshutdown$$0000000E))

<P><STRONG><a name="[2d]"></a>__rt_entry</STRONG> (Thumb, 0 bytes, Stack size unknown bytes, __rtentry.o(.ARM.Collect$$rtentry$$00000000))
<BR><BR>[Called By]<UL><LI><a href="#[2e]">&gt;&gt;</a>&nbsp;&nbsp;&nbsp;__scatterload_rt2
<LI><a href="#[2b]">&gt;&gt;</a>&nbsp;&nbsp;&nbsp;__main
</UL>

<P><STRONG><a name="[ba]"></a>__rt_entry_presh_1</STRONG> (Thumb, 0 bytes, Stack size unknown bytes, __rtentry2.o(.ARM.Collect$$rtentry$$00000002))

<P><STRONG><a name="[30]"></a>__rt_entry_sh</STRONG> (Thumb, 0 bytes, Stack size unknown bytes, __rtentry4.o(.ARM.Collect$$rtentry$$00000004))
<BR><BR>[Stack]<UL><LI>Max Depth = 8 + Unknown Stack Size
<LI>Call Chain = __rt_entry_sh &rArr; __user_setup_stackheap
</UL>
<BR>[Calls]<UL><LI><a href="#[31]">&gt;&gt;</a>&nbsp;&nbsp;&nbsp;__user_setup_stackheap
</UL>

<P><STRONG><a name="[32]"></a>__rt_entry_li</STRONG> (Thumb, 0 bytes, Stack size unknown bytes, __rtentry2.o(.ARM.Collect$$rtentry$$0000000A))
<BR><BR>[Calls]<UL><LI><a href="#[33]">&gt;&gt;</a>&nbsp;&nbsp;&nbsp;__rt_lib_init
</UL>

<P><STRONG><a name="[bb]"></a>__rt_entry_postsh_1</STRONG> (Thumb, 0 bytes, Stack size unknown bytes, __rtentry2.o(.ARM.Collect$$rtentry$$00000009))

<P><STRONG><a name="[34]"></a>__rt_entry_main</STRONG> (Thumb, 0 bytes, Stack size unknown bytes, __rtentry2.o(.ARM.Collect$$rtentry$$0000000D))
<BR><BR>[Stack]<UL><LI>Max Depth = 76 + Unknown Stack Size
<LI>Call Chain = __rt_entry_main &rArr; main &rArr; Application_Init &rArr; WeightSensor_Init &rArr; WeightSensor_OPInit &rArr; OP_OffsetSet
</UL>
<BR>[Calls]<UL><LI><a href="#[35]">&gt;&gt;</a>&nbsp;&nbsp;&nbsp;main
<LI><a href="#[36]">&gt;&gt;</a>&nbsp;&nbsp;&nbsp;exit
</UL>

<P><STRONG><a name="[bc]"></a>__rt_entry_postli_1</STRONG> (Thumb, 0 bytes, Stack size unknown bytes, __rtentry2.o(.ARM.Collect$$rtentry$$0000000C))

<P><STRONG><a name="[49]"></a>__rt_exit</STRONG> (Thumb, 0 bytes, Stack size unknown bytes, rtexit.o(.ARM.Collect$$rtexit$$00000000))
<BR><BR>[Called By]<UL><LI><a href="#[36]">&gt;&gt;</a>&nbsp;&nbsp;&nbsp;exit
</UL>

<P><STRONG><a name="[37]"></a>__rt_exit_ls</STRONG> (Thumb, 0 bytes, Stack size unknown bytes, rtexit2.o(.ARM.Collect$$rtexit$$00000003))
<BR><BR>[Calls]<UL><LI><a href="#[38]">&gt;&gt;</a>&nbsp;&nbsp;&nbsp;__rt_lib_shutdown
</UL>

<P><STRONG><a name="[bd]"></a>__rt_exit_prels_1</STRONG> (Thumb, 0 bytes, Stack size unknown bytes, rtexit2.o(.ARM.Collect$$rtexit$$00000002))

<P><STRONG><a name="[39]"></a>__rt_exit_exit</STRONG> (Thumb, 0 bytes, Stack size unknown bytes, rtexit2.o(.ARM.Collect$$rtexit$$00000004))
<BR><BR>[Calls]<UL><LI><a href="#[3a]">&gt;&gt;</a>&nbsp;&nbsp;&nbsp;_sys_exit
</UL>

<P><STRONG><a name="[5]"></a>Reset_Handler</STRONG> (Thumb, 76 bytes, Stack size 0 bytes, startup_sc32f12xx.o(.text))
<BR>[Address Reference Count : 1]<UL><LI> startup_sc32f12xx.o(RESET)
</UL>
<P><STRONG><a name="[6]"></a>NMI_Handler</STRONG> (Thumb, 2 bytes, Stack size 0 bytes, startup_sc32f12xx.o(.text))
<BR><BR>[Calls]<UL><LI><a href="#[6]">&gt;&gt;</a>&nbsp;&nbsp;&nbsp;NMI_Handler
</UL>
<BR>[Called By]<UL><LI><a href="#[6]">&gt;&gt;</a>&nbsp;&nbsp;&nbsp;NMI_Handler
</UL>
<BR>[Address Reference Count : 1]<UL><LI> startup_sc32f12xx.o(RESET)
</UL>
<P><STRONG><a name="[7]"></a>HardFault_Handler</STRONG> (Thumb, 2 bytes, Stack size 0 bytes, startup_sc32f12xx.o(.text))
<BR><BR>[Calls]<UL><LI><a href="#[7]">&gt;&gt;</a>&nbsp;&nbsp;&nbsp;HardFault_Handler
</UL>
<BR>[Called By]<UL><LI><a href="#[7]">&gt;&gt;</a>&nbsp;&nbsp;&nbsp;HardFault_Handler
</UL>
<BR>[Address Reference Count : 1]<UL><LI> startup_sc32f12xx.o(RESET)
</UL>
<P><STRONG><a name="[8]"></a>MemManage_Handler</STRONG> (Thumb, 2 bytes, Stack size 0 bytes, startup_sc32f12xx.o(.text))
<BR><BR>[Calls]<UL><LI><a href="#[8]">&gt;&gt;</a>&nbsp;&nbsp;&nbsp;MemManage_Handler
</UL>
<BR>[Called By]<UL><LI><a href="#[8]">&gt;&gt;</a>&nbsp;&nbsp;&nbsp;MemManage_Handler
</UL>
<BR>[Address Reference Count : 1]<UL><LI> startup_sc32f12xx.o(RESET)
</UL>
<P><STRONG><a name="[9]"></a>BusFault_Handler</STRONG> (Thumb, 2 bytes, Stack size 0 bytes, startup_sc32f12xx.o(.text))
<BR><BR>[Calls]<UL><LI><a href="#[9]">&gt;&gt;</a>&nbsp;&nbsp;&nbsp;BusFault_Handler
</UL>
<BR>[Called By]<UL><LI><a href="#[9]">&gt;&gt;</a>&nbsp;&nbsp;&nbsp;BusFault_Handler
</UL>
<BR>[Address Reference Count : 1]<UL><LI> startup_sc32f12xx.o(RESET)
</UL>
<P><STRONG><a name="[a]"></a>UsageFault_Handler</STRONG> (Thumb, 2 bytes, Stack size 0 bytes, startup_sc32f12xx.o(.text))
<BR><BR>[Calls]<UL><LI><a href="#[a]">&gt;&gt;</a>&nbsp;&nbsp;&nbsp;UsageFault_Handler
</UL>
<BR>[Called By]<UL><LI><a href="#[a]">&gt;&gt;</a>&nbsp;&nbsp;&nbsp;UsageFault_Handler
</UL>
<BR>[Address Reference Count : 1]<UL><LI> startup_sc32f12xx.o(RESET)
</UL>
<P><STRONG><a name="[b]"></a>SVC_Handler</STRONG> (Thumb, 2 bytes, Stack size 0 bytes, startup_sc32f12xx.o(.text))
<BR><BR>[Calls]<UL><LI><a href="#[b]">&gt;&gt;</a>&nbsp;&nbsp;&nbsp;SVC_Handler
</UL>
<BR>[Called By]<UL><LI><a href="#[b]">&gt;&gt;</a>&nbsp;&nbsp;&nbsp;SVC_Handler
</UL>
<BR>[Address Reference Count : 1]<UL><LI> startup_sc32f12xx.o(RESET)
</UL>
<P><STRONG><a name="[c]"></a>DebugMon_Handler</STRONG> (Thumb, 2 bytes, Stack size 0 bytes, startup_sc32f12xx.o(.text))
<BR><BR>[Calls]<UL><LI><a href="#[c]">&gt;&gt;</a>&nbsp;&nbsp;&nbsp;DebugMon_Handler
</UL>
<BR>[Called By]<UL><LI><a href="#[c]">&gt;&gt;</a>&nbsp;&nbsp;&nbsp;DebugMon_Handler
</UL>
<BR>[Address Reference Count : 1]<UL><LI> startup_sc32f12xx.o(RESET)
</UL>
<P><STRONG><a name="[d]"></a>PendSV_Handler</STRONG> (Thumb, 2 bytes, Stack size 0 bytes, startup_sc32f12xx.o(.text))
<BR><BR>[Calls]<UL><LI><a href="#[d]">&gt;&gt;</a>&nbsp;&nbsp;&nbsp;PendSV_Handler
</UL>
<BR>[Called By]<UL><LI><a href="#[d]">&gt;&gt;</a>&nbsp;&nbsp;&nbsp;PendSV_Handler
</UL>
<BR>[Address Reference Count : 1]<UL><LI> startup_sc32f12xx.o(RESET)
</UL>
<P><STRONG><a name="[27]"></a>TK_IRQHandler</STRONG> (Thumb, 0 bytes, Stack size 0 bytes, startup_sc32f12xx.o(.text))
<BR><BR>[Calls]<UL><LI><a href="#[27]">&gt;&gt;</a>&nbsp;&nbsp;&nbsp;TK_IRQHandler
</UL>
<BR>[Called By]<UL><LI><a href="#[27]">&gt;&gt;</a>&nbsp;&nbsp;&nbsp;TK_IRQHandler
</UL>
<BR>[Address Reference Count : 1]<UL><LI> startup_sc32f12xx.o(RESET)
</UL>
<P><STRONG><a name="[47]"></a>__user_initial_stackheap</STRONG> (Thumb, 0 bytes, Stack size unknown bytes, startup_sc32f12xx.o(.text))
<BR><BR>[Called By]<UL><LI><a href="#[31]">&gt;&gt;</a>&nbsp;&nbsp;&nbsp;__user_setup_stackheap
</UL>

<P><STRONG><a name="[3c]"></a>_memset_w</STRONG> (Thumb, 26 bytes, Stack size 0 bytes, rt_memclr.o(.text))
<BR><BR>[Called By]<UL><LI><a href="#[3e]">&gt;&gt;</a>&nbsp;&nbsp;&nbsp;__rt_memclr_w
<LI><a href="#[3b]">&gt;&gt;</a>&nbsp;&nbsp;&nbsp;_memset
</UL>

<P><STRONG><a name="[3b]"></a>_memset</STRONG> (Thumb, 30 bytes, Stack size 0 bytes, rt_memclr.o(.text))
<BR><BR>[Calls]<UL><LI><a href="#[3c]">&gt;&gt;</a>&nbsp;&nbsp;&nbsp;_memset_w
</UL>
<BR>[Called By]<UL><LI><a href="#[3d]">&gt;&gt;</a>&nbsp;&nbsp;&nbsp;__aeabi_memclr
</UL>

<P><STRONG><a name="[3d]"></a>__aeabi_memclr</STRONG> (Thumb, 4 bytes, Stack size 0 bytes, rt_memclr.o(.text))
<BR><BR>[Calls]<UL><LI><a href="#[3b]">&gt;&gt;</a>&nbsp;&nbsp;&nbsp;_memset
</UL>
<BR>[Called By]<UL><LI><a href="#[4c]">&gt;&gt;</a>&nbsp;&nbsp;&nbsp;WeightSensor_Init
</UL>

<P><STRONG><a name="[be]"></a>__rt_memclr</STRONG> (Thumb, 0 bytes, Stack size 0 bytes, rt_memclr.o(.text), UNUSED)

<P><STRONG><a name="[bf]"></a>__aeabi_memclr4</STRONG> (Thumb, 0 bytes, Stack size 0 bytes, rt_memclr.o(.text), UNUSED)

<P><STRONG><a name="[c0]"></a>__aeabi_memclr8</STRONG> (Thumb, 0 bytes, Stack size 0 bytes, rt_memclr.o(.text), UNUSED)

<P><STRONG><a name="[3e]"></a>__rt_memclr_w</STRONG> (Thumb, 4 bytes, Stack size 0 bytes, rt_memclr.o(.text), UNUSED)
<BR><BR>[Calls]<UL><LI><a href="#[3c]">&gt;&gt;</a>&nbsp;&nbsp;&nbsp;_memset_w
</UL>

<P><STRONG><a name="[c1]"></a>__aeabi_uidiv</STRONG> (Thumb, 0 bytes, Stack size 0 bytes, aeabi_sdiv.o(.text), UNUSED)

<P><STRONG><a name="[55]"></a>__aeabi_uidivmod</STRONG> (Thumb, 20 bytes, Stack size 0 bytes, aeabi_sdiv.o(.text))
<BR><BR>[Called By]<UL><LI><a href="#[88]">&gt;&gt;</a>&nbsp;&nbsp;&nbsp;WeightSensor_CalibrateZero
<LI><a href="#[5a]">&gt;&gt;</a>&nbsp;&nbsp;&nbsp;CalculateMovingAverage
<LI><a href="#[4d]">&gt;&gt;</a>&nbsp;&nbsp;&nbsp;Buzzer_Init
</UL>

<P><STRONG><a name="[c2]"></a>__aeabi_idiv</STRONG> (Thumb, 0 bytes, Stack size 8 bytes, aeabi_sdiv.o(.text), UNUSED)

<P><STRONG><a name="[c3]"></a>__aeabi_idivmod</STRONG> (Thumb, 326 bytes, Stack size 8 bytes, aeabi_sdiv.o(.text), UNUSED)

<P><STRONG><a name="[c4]"></a>__use_two_region_memory</STRONG> (Thumb, 2 bytes, Stack size 0 bytes, heapauxi.o(.text), UNUSED)

<P><STRONG><a name="[c5]"></a>__rt_heap_escrow$2region</STRONG> (Thumb, 2 bytes, Stack size 0 bytes, heapauxi.o(.text), UNUSED)

<P><STRONG><a name="[c6]"></a>__rt_heap_expand$2region</STRONG> (Thumb, 2 bytes, Stack size 0 bytes, heapauxi.o(.text), UNUSED)

<P><STRONG><a name="[40]"></a>__aeabi_i2f_normalise</STRONG> (Thumb, 72 bytes, Stack size 0 bytes, fflti.o(.text))
<BR><BR>[Called By]<UL><LI><a href="#[41]">&gt;&gt;</a>&nbsp;&nbsp;&nbsp;__aeabi_ui2f
<LI><a href="#[3f]">&gt;&gt;</a>&nbsp;&nbsp;&nbsp;__aeabi_i2f
</UL>

<P><STRONG><a name="[3f]"></a>__aeabi_i2f</STRONG> (Thumb, 16 bytes, Stack size 0 bytes, fflti.o(.text))
<BR><BR>[Calls]<UL><LI><a href="#[40]">&gt;&gt;</a>&nbsp;&nbsp;&nbsp;__aeabi_i2f_normalise
</UL>
<BR>[Called By]<UL><LI><a href="#[5e]">&gt;&gt;</a>&nbsp;&nbsp;&nbsp;WeightSensor_GetWeightGram
</UL>

<P><STRONG><a name="[c7]"></a>_fflt</STRONG> (Thumb, 0 bytes, Stack size 0 bytes, fflti.o(.text), UNUSED)

<P><STRONG><a name="[41]"></a>__aeabi_ui2f</STRONG> (Thumb, 6 bytes, Stack size 0 bytes, fflti.o(.text), UNUSED)
<BR><BR>[Calls]<UL><LI><a href="#[40]">&gt;&gt;</a>&nbsp;&nbsp;&nbsp;__aeabi_i2f_normalise
</UL>

<P><STRONG><a name="[c8]"></a>_ffltu</STRONG> (Thumb, 0 bytes, Stack size 0 bytes, fflti.o(.text), UNUSED)

<P><STRONG><a name="[42]"></a>__fpl_fcmp_InfNaN</STRONG> (Thumb, 96 bytes, Stack size 8 bytes, fcmpin.o(.text), UNUSED)
<BR><BR>[Calls]<UL><LI><a href="#[44]">&gt;&gt;</a>&nbsp;&nbsp;&nbsp;__fpl_fcheck_NaN2
<LI><a href="#[43]">&gt;&gt;</a>&nbsp;&nbsp;&nbsp;__fpl_cmpreturn
</UL>
<BR>[Called By]<UL><LI><a href="#[97]">&gt;&gt;</a>&nbsp;&nbsp;&nbsp;_frcmple
</UL>

<P><STRONG><a name="[43]"></a>__fpl_cmpreturn</STRONG> (Thumb, 46 bytes, Stack size 0 bytes, cmpret.o(.text), UNUSED)
<BR><BR>[Called By]<UL><LI><a href="#[45]">&gt;&gt;</a>&nbsp;&nbsp;&nbsp;__fpl_return_NaN
<LI><a href="#[42]">&gt;&gt;</a>&nbsp;&nbsp;&nbsp;__fpl_fcmp_InfNaN
</UL>

<P><STRONG><a name="[44]"></a>__fpl_fcheck_NaN2</STRONG> (Thumb, 10 bytes, Stack size 8 bytes, fnan2.o(.text), UNUSED)
<BR><BR>[Calls]<UL><LI><a href="#[45]">&gt;&gt;</a>&nbsp;&nbsp;&nbsp;__fpl_return_NaN
</UL>
<BR>[Called By]<UL><LI><a href="#[42]">&gt;&gt;</a>&nbsp;&nbsp;&nbsp;__fpl_fcmp_InfNaN
</UL>

<P><STRONG><a name="[31]"></a>__user_setup_stackheap</STRONG> (Thumb, 62 bytes, Stack size 8 bytes, sys_stackheap_outer.o(.text))
<BR><BR>[Stack]<UL><LI>Max Depth = 8 + Unknown Stack Size
<LI>Call Chain = __user_setup_stackheap
</UL>
<BR>[Calls]<UL><LI><a href="#[46]">&gt;&gt;</a>&nbsp;&nbsp;&nbsp;__user_perproc_libspace
<LI><a href="#[47]">&gt;&gt;</a>&nbsp;&nbsp;&nbsp;__user_initial_stackheap
</UL>
<BR>[Called By]<UL><LI><a href="#[30]">&gt;&gt;</a>&nbsp;&nbsp;&nbsp;__rt_entry_sh
</UL>

<P><STRONG><a name="[36]"></a>exit</STRONG> (Thumb, 16 bytes, Stack size 8 bytes, exit.o(.text))
<BR><BR>[Stack]<UL><LI>Max Depth = 8 + Unknown Stack Size
<LI>Call Chain = exit
</UL>
<BR>[Calls]<UL><LI><a href="#[49]">&gt;&gt;</a>&nbsp;&nbsp;&nbsp;__rt_exit
<LI><a href="#[48]">&gt;&gt;</a>&nbsp;&nbsp;&nbsp;_call_atexit_fns (Weak Reference)
</UL>
<BR>[Called By]<UL><LI><a href="#[34]">&gt;&gt;</a>&nbsp;&nbsp;&nbsp;__rt_entry_main
</UL>

<P><STRONG><a name="[45]"></a>__fpl_return_NaN</STRONG> (Thumb, 94 bytes, Stack size 8 bytes, retnan.o(.text), UNUSED)
<BR><BR>[Calls]<UL><LI><a href="#[43]">&gt;&gt;</a>&nbsp;&nbsp;&nbsp;__fpl_cmpreturn
</UL>
<BR>[Called By]<UL><LI><a href="#[44]">&gt;&gt;</a>&nbsp;&nbsp;&nbsp;__fpl_fcheck_NaN2
</UL>

<P><STRONG><a name="[c9]"></a>__user_libspace</STRONG> (Thumb, 8 bytes, Stack size 0 bytes, libspace.o(.text), UNUSED)

<P><STRONG><a name="[46]"></a>__user_perproc_libspace</STRONG> (Thumb, 0 bytes, Stack size 0 bytes, libspace.o(.text))
<BR><BR>[Called By]<UL><LI><a href="#[31]">&gt;&gt;</a>&nbsp;&nbsp;&nbsp;__user_setup_stackheap
</UL>

<P><STRONG><a name="[ca]"></a>__user_perthread_libspace</STRONG> (Thumb, 0 bytes, Stack size 0 bytes, libspace.o(.text), UNUSED)

<P><STRONG><a name="[3a]"></a>_sys_exit</STRONG> (Thumb, 8 bytes, Stack size 0 bytes, sys_exit.o(.text))
<BR><BR>[Called By]<UL><LI><a href="#[39]">&gt;&gt;</a>&nbsp;&nbsp;&nbsp;__rt_exit_exit
</UL>

<P><STRONG><a name="[cb]"></a>__I$use$semihosting</STRONG> (Thumb, 0 bytes, Stack size 0 bytes, use_no_semi.o(.text), UNUSED)

<P><STRONG><a name="[cc]"></a>__use_no_semihosting_swi</STRONG> (Thumb, 2 bytes, Stack size 0 bytes, use_no_semi.o(.text), UNUSED)

<P><STRONG><a name="[92]"></a>ADC_ClearFlag</STRONG> (Thumb, 4 bytes, Stack size 0 bytes, sc32f1xxx_adc.o(i.ADC_ClearFlag))
<BR><BR>[Called By]<UL><LI><a href="#[89]">&gt;&gt;</a>&nbsp;&nbsp;&nbsp;WeightSensor_ReadRawADC
</UL>

<P><STRONG><a name="[cd]"></a>__semihosting_library_function</STRONG> (Thumb, 0 bytes, Stack size 0 bytes, indicate_semi.o(.text), UNUSED)

<P><STRONG><a name="[86]"></a>ADC_Cmd</STRONG> (Thumb, 20 bytes, Stack size 0 bytes, sc32f1xxx_adc.o(i.ADC_Cmd))
<BR><BR>[Called By]<UL><LI><a href="#[82]">&gt;&gt;</a>&nbsp;&nbsp;&nbsp;WeightSensor_ADCInit
</UL>

<P><STRONG><a name="[93]"></a>ADC_GetConversionValue</STRONG> (Thumb, 6 bytes, Stack size 0 bytes, sc32f1xxx_adc.o(i.ADC_GetConversionValue))
<BR><BR>[Called By]<UL><LI><a href="#[89]">&gt;&gt;</a>&nbsp;&nbsp;&nbsp;WeightSensor_ReadRawADC
</UL>

<P><STRONG><a name="[91]"></a>ADC_GetFlagStatus</STRONG> (Thumb, 14 bytes, Stack size 0 bytes, sc32f1xxx_adc.o(i.ADC_GetFlagStatus))
<BR><BR>[Called By]<UL><LI><a href="#[89]">&gt;&gt;</a>&nbsp;&nbsp;&nbsp;WeightSensor_ReadRawADC
</UL>

<P><STRONG><a name="[25]"></a>ADC_IRQHandler</STRONG> (Thumb, 2 bytes, Stack size 0 bytes, SC_it.o(i.ADC_IRQHandler))
<BR>[Address Reference Count : 1]<UL><LI> startup_sc32f12xx.o(RESET)
</UL>
<P><STRONG><a name="[87]"></a>ADC_ITConfig</STRONG> (Thumb, 16 bytes, Stack size 0 bytes, sc32f1xxx_adc.o(i.ADC_ITConfig))
<BR><BR>[Called By]<UL><LI><a href="#[82]">&gt;&gt;</a>&nbsp;&nbsp;&nbsp;WeightSensor_ADCInit
</UL>

<P><STRONG><a name="[84]"></a>ADC_Init</STRONG> (Thumb, 28 bytes, Stack size 8 bytes, sc32f1xxx_adc.o(i.ADC_Init))
<BR><BR>[Stack]<UL><LI>Max Depth = 8<LI>Call Chain = ADC_Init
</UL>
<BR>[Called By]<UL><LI><a href="#[82]">&gt;&gt;</a>&nbsp;&nbsp;&nbsp;WeightSensor_ADCInit
</UL>

<P><STRONG><a name="[85]"></a>ADC_SetChannel</STRONG> (Thumb, 12 bytes, Stack size 0 bytes, sc32f1xxx_adc.o(i.ADC_SetChannel))
<BR><BR>[Called By]<UL><LI><a href="#[82]">&gt;&gt;</a>&nbsp;&nbsp;&nbsp;WeightSensor_ADCInit
</UL>

<P><STRONG><a name="[90]"></a>ADC_SoftwareStartConv</STRONG> (Thumb, 10 bytes, Stack size 0 bytes, sc32f1xxx_adc.o(i.ADC_SoftwareStartConv))
<BR><BR>[Called By]<UL><LI><a href="#[89]">&gt;&gt;</a>&nbsp;&nbsp;&nbsp;WeightSensor_ReadRawADC
</UL>

<P><STRONG><a name="[83]"></a>ADC_StructInit</STRONG> (Thumb, 16 bytes, Stack size 0 bytes, sc32f1xxx_adc.o(i.ADC_StructInit))
<BR><BR>[Called By]<UL><LI><a href="#[82]">&gt;&gt;</a>&nbsp;&nbsp;&nbsp;WeightSensor_ADCInit
</UL>

<P><STRONG><a name="[4a]"></a>Application_Init</STRONG> (Thumb, 144 bytes, Stack size 16 bytes, app_init.o(i.Application_Init))
<BR><BR>[Stack]<UL><LI>Max Depth = 76<LI>Call Chain = Application_Init &rArr; WeightSensor_Init &rArr; WeightSensor_OPInit &rArr; OP_OffsetSet
</UL>
<BR>[Calls]<UL><LI><a href="#[4c]">&gt;&gt;</a>&nbsp;&nbsp;&nbsp;WeightSensor_Init
<LI><a href="#[4b]">&gt;&gt;</a>&nbsp;&nbsp;&nbsp;SystemTimer_Init
<LI><a href="#[4f]">&gt;&gt;</a>&nbsp;&nbsp;&nbsp;Key_SetPressCallback
<LI><a href="#[4e]">&gt;&gt;</a>&nbsp;&nbsp;&nbsp;Key_Init
<LI><a href="#[4d]">&gt;&gt;</a>&nbsp;&nbsp;&nbsp;Buzzer_Init
<LI><a href="#[50]">&gt;&gt;</a>&nbsp;&nbsp;&nbsp;Buzzer_Beep
</UL>
<BR>[Called By]<UL><LI><a href="#[35]">&gt;&gt;</a>&nbsp;&nbsp;&nbsp;main
</UL>

<P><STRONG><a name="[52]"></a>BTM_ClearFlag</STRONG> (Thumb, 4 bytes, Stack size 0 bytes, sc32f1xxx_btm.o(i.BTM_ClearFlag))
<BR><BR>[Called By]<UL><LI><a href="#[14]">&gt;&gt;</a>&nbsp;&nbsp;&nbsp;BTM_IRQHandler
</UL>

<P><STRONG><a name="[80]"></a>BTM_Cmd</STRONG> (Thumb, 20 bytes, Stack size 0 bytes, sc32f1xxx_btm.o(i.BTM_Cmd))
<BR><BR>[Called By]<UL><LI><a href="#[4b]">&gt;&gt;</a>&nbsp;&nbsp;&nbsp;SystemTimer_Init
</UL>

<P><STRONG><a name="[7e]"></a>BTM_FSConfig</STRONG> (Thumb, 12 bytes, Stack size 0 bytes, sc32f1xxx_btm.o(i.BTM_FSConfig))
<BR><BR>[Called By]<UL><LI><a href="#[4b]">&gt;&gt;</a>&nbsp;&nbsp;&nbsp;SystemTimer_Init
</UL>

<P><STRONG><a name="[51]"></a>BTM_GetFlagStatus</STRONG> (Thumb, 14 bytes, Stack size 0 bytes, sc32f1xxx_btm.o(i.BTM_GetFlagStatus))
<BR><BR>[Called By]<UL><LI><a href="#[14]">&gt;&gt;</a>&nbsp;&nbsp;&nbsp;BTM_IRQHandler
</UL>

<P><STRONG><a name="[14]"></a>BTM_IRQHandler</STRONG> (Thumb, 34 bytes, Stack size 8 bytes, SC_it.o(i.BTM_IRQHandler))
<BR><BR>[Stack]<UL><LI>Max Depth = 8<LI>Call Chain = BTM_IRQHandler
</UL>
<BR>[Calls]<UL><LI><a href="#[51]">&gt;&gt;</a>&nbsp;&nbsp;&nbsp;BTM_GetFlagStatus
<LI><a href="#[52]">&gt;&gt;</a>&nbsp;&nbsp;&nbsp;BTM_ClearFlag
</UL>
<BR>[Address Reference Count : 1]<UL><LI> startup_sc32f12xx.o(RESET)
</UL>
<P><STRONG><a name="[7f]"></a>BTM_ITConfig</STRONG> (Thumb, 20 bytes, Stack size 0 bytes, sc32f1xxx_btm.o(i.BTM_ITConfig))
<BR><BR>[Called By]<UL><LI><a href="#[4b]">&gt;&gt;</a>&nbsp;&nbsp;&nbsp;SystemTimer_Init
</UL>

<P><STRONG><a name="[50]"></a>Buzzer_Beep</STRONG> (Thumb, 22 bytes, Stack size 8 bytes, buzzer.o(i.Buzzer_Beep))
<BR><BR>[Stack]<UL><LI>Max Depth = 8<LI>Call Chain = Buzzer_Beep
</UL>
<BR>[Calls]<UL><LI><a href="#[53]">&gt;&gt;</a>&nbsp;&nbsp;&nbsp;PWM_Cmd
</UL>
<BR>[Called By]<UL><LI><a href="#[4a]">&gt;&gt;</a>&nbsp;&nbsp;&nbsp;Application_Init
<LI><a href="#[2a]">&gt;&gt;</a>&nbsp;&nbsp;&nbsp;Key_Pressed_Handler
</UL>

<P><STRONG><a name="[4d]"></a>Buzzer_Init</STRONG> (Thumb, 94 bytes, Stack size 32 bytes, buzzer.o(i.Buzzer_Init))
<BR><BR>[Stack]<UL><LI>Max Depth = 44<LI>Call Chain = Buzzer_Init &rArr; PWM_SetDuty
</UL>
<BR>[Calls]<UL><LI><a href="#[54]">&gt;&gt;</a>&nbsp;&nbsp;&nbsp;PWM_StructInit
<LI><a href="#[57]">&gt;&gt;</a>&nbsp;&nbsp;&nbsp;PWM_SetDuty
<LI><a href="#[56]">&gt;&gt;</a>&nbsp;&nbsp;&nbsp;PWM_Init
<LI><a href="#[53]">&gt;&gt;</a>&nbsp;&nbsp;&nbsp;PWM_Cmd
<LI><a href="#[55]">&gt;&gt;</a>&nbsp;&nbsp;&nbsp;__aeabi_uidivmod
</UL>
<BR>[Called By]<UL><LI><a href="#[4a]">&gt;&gt;</a>&nbsp;&nbsp;&nbsp;Application_Init
</UL>

<P><STRONG><a name="[58]"></a>Buzzer_Start</STRONG> (Thumb, 14 bytes, Stack size 8 bytes, buzzer.o(i.Buzzer_Start))
<BR><BR>[Stack]<UL><LI>Max Depth = 8<LI>Call Chain = Buzzer_Start
</UL>
<BR>[Calls]<UL><LI><a href="#[53]">&gt;&gt;</a>&nbsp;&nbsp;&nbsp;PWM_Cmd
</UL>
<BR>[Called By]<UL><LI><a href="#[6f]">&gt;&gt;</a>&nbsp;&nbsp;&nbsp;OverweightCheck_RealTime
<LI><a href="#[6b]">&gt;&gt;</a>&nbsp;&nbsp;&nbsp;OverweightCheck_OnKeyPress
</UL>

<P><STRONG><a name="[59]"></a>Buzzer_Stop</STRONG> (Thumb, 14 bytes, Stack size 8 bytes, buzzer.o(i.Buzzer_Stop))
<BR><BR>[Stack]<UL><LI>Max Depth = 8<LI>Call Chain = Buzzer_Stop
</UL>
<BR>[Calls]<UL><LI><a href="#[53]">&gt;&gt;</a>&nbsp;&nbsp;&nbsp;PWM_Cmd
</UL>
<BR>[Called By]<UL><LI><a href="#[6f]">&gt;&gt;</a>&nbsp;&nbsp;&nbsp;OverweightCheck_RealTime
<LI><a href="#[6d]">&gt;&gt;</a>&nbsp;&nbsp;&nbsp;StopAlarm
<LI><a href="#[6b]">&gt;&gt;</a>&nbsp;&nbsp;&nbsp;OverweightCheck_OnKeyPress
</UL>

<P><STRONG><a name="[26]"></a>CMP_IRQHandler</STRONG> (Thumb, 2 bytes, Stack size 0 bytes, SC_it.o(i.CMP_IRQHandler))
<BR>[Address Reference Count : 1]<UL><LI> startup_sc32f12xx.o(RESET)
</UL>
<P><STRONG><a name="[5b]"></a>CheckInactivityTimeout</STRONG> (Thumb, 30 bytes, Stack size 8 bytes, scale_manager.o(i.CheckInactivityTimeout))
<BR><BR>[Stack]<UL><LI>Max Depth = 8<LI>Call Chain = CheckInactivityTimeout
</UL>
<BR>[Calls]<UL><LI><a href="#[5c]">&gt;&gt;</a>&nbsp;&nbsp;&nbsp;GetSystemTime
</UL>
<BR>[Called By]<UL><LI><a href="#[35]">&gt;&gt;</a>&nbsp;&nbsp;&nbsp;main
</UL>

<P><STRONG><a name="[5d]"></a>CheckWeightActivity</STRONG> (Thumb, 38 bytes, Stack size 16 bytes, scale_manager.o(i.CheckWeightActivity))
<BR><BR>[Stack]<UL><LI>Max Depth = 56<LI>Call Chain = CheckWeightActivity &rArr; WeightSensor_GetWeightGram &rArr; WeightSensor_SlidingWindowFilter &rArr; CalculateMovingAverage
</UL>
<BR>[Calls]<UL><LI><a href="#[5e]">&gt;&gt;</a>&nbsp;&nbsp;&nbsp;WeightSensor_GetWeightGram
<LI><a href="#[61]">&gt;&gt;</a>&nbsp;&nbsp;&nbsp;ResetInactivityTimer
<LI><a href="#[60]">&gt;&gt;</a>&nbsp;&nbsp;&nbsp;__aeabi_cfrcmple
<LI><a href="#[5f]">&gt;&gt;</a>&nbsp;&nbsp;&nbsp;__aeabi_fsub
</UL>
<BR>[Called By]<UL><LI><a href="#[35]">&gt;&gt;</a>&nbsp;&nbsp;&nbsp;main
</UL>

<P><STRONG><a name="[19]"></a>DMA0_IRQHandler</STRONG> (Thumb, 2 bytes, Stack size 0 bytes, SC_it.o(i.DMA0_IRQHandler))
<BR>[Address Reference Count : 1]<UL><LI> startup_sc32f12xx.o(RESET)
</UL>
<P><STRONG><a name="[1a]"></a>DMA1_IRQHandler</STRONG> (Thumb, 2 bytes, Stack size 0 bytes, SC_it.o(i.DMA1_IRQHandler))
<BR>[Address Reference Count : 1]<UL><LI> startup_sc32f12xx.o(RESET)
</UL>
<P><STRONG><a name="[68]"></a>GPIO_Init</STRONG> (Thumb, 96 bytes, Stack size 20 bytes, sc32f1xxx_gpio.o(i.GPIO_Init))
<BR><BR>[Stack]<UL><LI>Max Depth = 20<LI>Call Chain = GPIO_Init
</UL>
<BR>[Called By]<UL><LI><a href="#[4e]">&gt;&gt;</a>&nbsp;&nbsp;&nbsp;Key_Init
</UL>

<P><STRONG><a name="[6e]"></a>GPIO_ReadDataBit</STRONG> (Thumb, 10 bytes, Stack size 0 bytes, sc32f1xxx_gpio.o(i.GPIO_ReadDataBit))
<BR><BR>[Called By]<UL><LI><a href="#[67]">&gt;&gt;</a>&nbsp;&nbsp;&nbsp;Key_Read
</UL>

<P><STRONG><a name="[5c]"></a>GetSystemTime</STRONG> (Thumb, 6 bytes, Stack size 0 bytes, system_timer.o(i.GetSystemTime))
<BR><BR>[Called By]<UL><LI><a href="#[6f]">&gt;&gt;</a>&nbsp;&nbsp;&nbsp;OverweightCheck_RealTime
<LI><a href="#[5b]">&gt;&gt;</a>&nbsp;&nbsp;&nbsp;CheckInactivityTimeout
</UL>

<P><STRONG><a name="[f]"></a>INT0_IRQHandler</STRONG> (Thumb, 16 bytes, Stack size 8 bytes, SC_it.o(i.INT0_IRQHandler))
<BR><BR>[Stack]<UL><LI>Max Depth = 32<LI>Call Chain = INT0_IRQHandler &rArr; Key_IRQHandler &rArr; Key_Read
</UL>
<BR>[Calls]<UL><LI><a href="#[62]">&gt;&gt;</a>&nbsp;&nbsp;&nbsp;Key_IRQHandler
<LI><a href="#[63]">&gt;&gt;</a>&nbsp;&nbsp;&nbsp;INT_ClearFlag
</UL>
<BR>[Address Reference Count : 1]<UL><LI> startup_sc32f12xx.o(RESET)
</UL>
<P><STRONG><a name="[12]"></a>INT12_15_IRQHandler</STRONG> (Thumb, 2 bytes, Stack size 0 bytes, SC_it.o(i.INT12_15_IRQHandler))
<BR>[Address Reference Count : 1]<UL><LI> startup_sc32f12xx.o(RESET)
</UL>
<P><STRONG><a name="[10]"></a>INT1_7_IRQHandler</STRONG> (Thumb, 74 bytes, Stack size 8 bytes, SC_it.o(i.INT1_7_IRQHandler))
<BR><BR>[Stack]<UL><LI>Max Depth = 32<LI>Call Chain = INT1_7_IRQHandler &rArr; Key_IRQHandler &rArr; Key_Read
</UL>
<BR>[Calls]<UL><LI><a href="#[62]">&gt;&gt;</a>&nbsp;&nbsp;&nbsp;Key_IRQHandler
<LI><a href="#[64]">&gt;&gt;</a>&nbsp;&nbsp;&nbsp;INT_GetFlagStatus
<LI><a href="#[63]">&gt;&gt;</a>&nbsp;&nbsp;&nbsp;INT_ClearFlag
</UL>
<BR>[Address Reference Count : 1]<UL><LI> startup_sc32f12xx.o(RESET)
</UL>
<P><STRONG><a name="[11]"></a>INT8_11_IRQHandler</STRONG> (Thumb, 2 bytes, Stack size 0 bytes, SC_it.o(i.INT8_11_IRQHandler))
<BR>[Address Reference Count : 1]<UL><LI> startup_sc32f12xx.o(RESET)
</UL>
<P><STRONG><a name="[63]"></a>INT_ClearFlag</STRONG> (Thumb, 20 bytes, Stack size 0 bytes, sc32f1xxx_int.o(i.INT_ClearFlag))
<BR><BR>[Called By]<UL><LI><a href="#[62]">&gt;&gt;</a>&nbsp;&nbsp;&nbsp;Key_IRQHandler
<LI><a href="#[10]">&gt;&gt;</a>&nbsp;&nbsp;&nbsp;INT1_7_IRQHandler
<LI><a href="#[f]">&gt;&gt;</a>&nbsp;&nbsp;&nbsp;INT0_IRQHandler
</UL>

<P><STRONG><a name="[64]"></a>INT_GetFlagStatus</STRONG> (Thumb, 26 bytes, Stack size 0 bytes, sc32f1xxx_int.o(i.INT_GetFlagStatus))
<BR><BR>[Called By]<UL><LI><a href="#[10]">&gt;&gt;</a>&nbsp;&nbsp;&nbsp;INT1_7_IRQHandler
</UL>

<P><STRONG><a name="[6a]"></a>INT_ITConfig</STRONG> (Thumb, 52 bytes, Stack size 12 bytes, sc32f1xxx_int.o(i.INT_ITConfig))
<BR><BR>[Stack]<UL><LI>Max Depth = 12<LI>Call Chain = INT_ITConfig
</UL>
<BR>[Called By]<UL><LI><a href="#[4e]">&gt;&gt;</a>&nbsp;&nbsp;&nbsp;Key_Init
</UL>

<P><STRONG><a name="[69]"></a>INT_Init</STRONG> (Thumb, 128 bytes, Stack size 20 bytes, sc32f1xxx_int.o(i.INT_Init))
<BR><BR>[Stack]<UL><LI>Max Depth = 20<LI>Call Chain = INT_Init
</UL>
<BR>[Called By]<UL><LI><a href="#[4e]">&gt;&gt;</a>&nbsp;&nbsp;&nbsp;Key_Init
</UL>

<P><STRONG><a name="[65]"></a>IcResourceInit</STRONG> (Thumb, 8 bytes, Stack size 8 bytes, CompCtrlDefine.o(i.IcResourceInit))
<BR><BR>[Stack]<UL><LI>Max Depth = 36<LI>Call Chain = IcResourceInit &rArr; SC_Init &rArr; SC_RCC_Init &rArr; RCC_SYSCLKConfig
</UL>
<BR>[Calls]<UL><LI><a href="#[66]">&gt;&gt;</a>&nbsp;&nbsp;&nbsp;SC_Init
</UL>
<BR>[Called By]<UL><LI><a href="#[35]">&gt;&gt;</a>&nbsp;&nbsp;&nbsp;main
</UL>

<P><STRONG><a name="[62]"></a>Key_IRQHandler</STRONG> (Thumb, 58 bytes, Stack size 16 bytes, key.o(i.Key_IRQHandler))
<BR><BR>[Stack]<UL><LI>Max Depth = 24<LI>Call Chain = Key_IRQHandler &rArr; Key_Read
</UL>
<BR>[Calls]<UL><LI><a href="#[63]">&gt;&gt;</a>&nbsp;&nbsp;&nbsp;INT_ClearFlag
<LI><a href="#[67]">&gt;&gt;</a>&nbsp;&nbsp;&nbsp;Key_Read
</UL>
<BR>[Called By]<UL><LI><a href="#[10]">&gt;&gt;</a>&nbsp;&nbsp;&nbsp;INT1_7_IRQHandler
<LI><a href="#[f]">&gt;&gt;</a>&nbsp;&nbsp;&nbsp;INT0_IRQHandler
</UL>

<P><STRONG><a name="[4e]"></a>Key_Init</STRONG> (Thumb, 126 bytes, Stack size 32 bytes, key.o(i.Key_Init))
<BR><BR>[Stack]<UL><LI>Max Depth = 52<LI>Call Chain = Key_Init &rArr; INT_Init
</UL>
<BR>[Calls]<UL><LI><a href="#[69]">&gt;&gt;</a>&nbsp;&nbsp;&nbsp;INT_Init
<LI><a href="#[6a]">&gt;&gt;</a>&nbsp;&nbsp;&nbsp;INT_ITConfig
<LI><a href="#[68]">&gt;&gt;</a>&nbsp;&nbsp;&nbsp;GPIO_Init
</UL>
<BR>[Called By]<UL><LI><a href="#[4a]">&gt;&gt;</a>&nbsp;&nbsp;&nbsp;Application_Init
</UL>

<P><STRONG><a name="[2a]"></a>Key_Pressed_Handler</STRONG> (Thumb, 114 bytes, Stack size 16 bytes, key_handler.o(i.Key_Pressed_Handler))
<BR><BR>[Stack]<UL><LI>Max Depth = 64<LI>Call Chain = Key_Pressed_Handler &rArr; OverweightCheck_OnKeyPress &rArr; WeightSensor_GetWeightGram &rArr; WeightSensor_SlidingWindowFilter &rArr; CalculateMovingAverage
</UL>
<BR>[Calls]<UL><LI><a href="#[6c]">&gt;&gt;</a>&nbsp;&nbsp;&nbsp;WeightSensor_Tare
<LI><a href="#[6d]">&gt;&gt;</a>&nbsp;&nbsp;&nbsp;StopAlarm
<LI><a href="#[61]">&gt;&gt;</a>&nbsp;&nbsp;&nbsp;ResetInactivityTimer
<LI><a href="#[6b]">&gt;&gt;</a>&nbsp;&nbsp;&nbsp;OverweightCheck_OnKeyPress
<LI><a href="#[50]">&gt;&gt;</a>&nbsp;&nbsp;&nbsp;Buzzer_Beep
</UL>
<BR>[Address Reference Count : 1]<UL><LI> app_init.o(i.Application_Init)
</UL>
<P><STRONG><a name="[67]"></a>Key_Read</STRONG> (Thumb, 60 bytes, Stack size 8 bytes, key.o(i.Key_Read))
<BR><BR>[Stack]<UL><LI>Max Depth = 8<LI>Call Chain = Key_Read
</UL>
<BR>[Calls]<UL><LI><a href="#[6e]">&gt;&gt;</a>&nbsp;&nbsp;&nbsp;GPIO_ReadDataBit
</UL>
<BR>[Called By]<UL><LI><a href="#[62]">&gt;&gt;</a>&nbsp;&nbsp;&nbsp;Key_IRQHandler
</UL>

<P><STRONG><a name="[4f]"></a>Key_SetPressCallback</STRONG> (Thumb, 6 bytes, Stack size 0 bytes, key.o(i.Key_SetPressCallback))
<BR><BR>[Called By]<UL><LI><a href="#[4a]">&gt;&gt;</a>&nbsp;&nbsp;&nbsp;Application_Init
</UL>

<P><STRONG><a name="[22]"></a>LEDPWM_IRQHandler</STRONG> (Thumb, 2 bytes, Stack size 0 bytes, SC_it.o(i.LEDPWM_IRQHandler))
<BR>[Address Reference Count : 1]<UL><LI> startup_sc32f12xx.o(RESET)
</UL>
<P><STRONG><a name="[8e]"></a>OP_Cmd</STRONG> (Thumb, 20 bytes, Stack size 0 bytes, sc32f1xxx_op.o(i.OP_Cmd))
<BR><BR>[Called By]<UL><LI><a href="#[8c]">&gt;&gt;</a>&nbsp;&nbsp;&nbsp;WeightSensor_OPInit
</UL>

<P><STRONG><a name="[8d]"></a>OP_Init</STRONG> (Thumb, 36 bytes, Stack size 12 bytes, sc32f1xxx_op.o(i.OP_Init))
<BR><BR>[Stack]<UL><LI>Max Depth = 12<LI>Call Chain = OP_Init
</UL>
<BR>[Called By]<UL><LI><a href="#[8c]">&gt;&gt;</a>&nbsp;&nbsp;&nbsp;WeightSensor_OPInit
</UL>

<P><STRONG><a name="[8f]"></a>OP_OffsetSet</STRONG> (Thumb, 62 bytes, Stack size 20 bytes, sc32f1xxx_op.o(i.OP_OffsetSet))
<BR><BR>[Stack]<UL><LI>Max Depth = 20<LI>Call Chain = OP_OffsetSet
</UL>
<BR>[Called By]<UL><LI><a href="#[8c]">&gt;&gt;</a>&nbsp;&nbsp;&nbsp;WeightSensor_OPInit
</UL>

<P><STRONG><a name="[6b]"></a>OverweightCheck_OnKeyPress</STRONG> (Thumb, 32 bytes, Stack size 8 bytes, scale_manager.o(i.OverweightCheck_OnKeyPress))
<BR><BR>[Stack]<UL><LI>Max Depth = 48<LI>Call Chain = OverweightCheck_OnKeyPress &rArr; WeightSensor_GetWeightGram &rArr; WeightSensor_SlidingWindowFilter &rArr; CalculateMovingAverage
</UL>
<BR>[Calls]<UL><LI><a href="#[5e]">&gt;&gt;</a>&nbsp;&nbsp;&nbsp;WeightSensor_GetWeightGram
<LI><a href="#[59]">&gt;&gt;</a>&nbsp;&nbsp;&nbsp;Buzzer_Stop
<LI><a href="#[58]">&gt;&gt;</a>&nbsp;&nbsp;&nbsp;Buzzer_Start
<LI><a href="#[60]">&gt;&gt;</a>&nbsp;&nbsp;&nbsp;__aeabi_cfrcmple
</UL>
<BR>[Called By]<UL><LI><a href="#[2a]">&gt;&gt;</a>&nbsp;&nbsp;&nbsp;Key_Pressed_Handler
</UL>

<P><STRONG><a name="[6f]"></a>OverweightCheck_RealTime</STRONG> (Thumb, 62 bytes, Stack size 16 bytes, scale_manager.o(i.OverweightCheck_RealTime))
<BR><BR>[Stack]<UL><LI>Max Depth = 56<LI>Call Chain = OverweightCheck_RealTime &rArr; WeightSensor_GetWeightGram &rArr; WeightSensor_SlidingWindowFilter &rArr; CalculateMovingAverage
</UL>
<BR>[Calls]<UL><LI><a href="#[5e]">&gt;&gt;</a>&nbsp;&nbsp;&nbsp;WeightSensor_GetWeightGram
<LI><a href="#[59]">&gt;&gt;</a>&nbsp;&nbsp;&nbsp;Buzzer_Stop
<LI><a href="#[58]">&gt;&gt;</a>&nbsp;&nbsp;&nbsp;Buzzer_Start
<LI><a href="#[5c]">&gt;&gt;</a>&nbsp;&nbsp;&nbsp;GetSystemTime
<LI><a href="#[60]">&gt;&gt;</a>&nbsp;&nbsp;&nbsp;__aeabi_cfrcmple
</UL>
<BR>[Called By]<UL><LI><a href="#[35]">&gt;&gt;</a>&nbsp;&nbsp;&nbsp;main
</UL>

<P><STRONG><a name="[21]"></a>PWM0_IRQHandler</STRONG> (Thumb, 2 bytes, Stack size 0 bytes, SC_it.o(i.PWM0_IRQHandler))
<BR>[Address Reference Count : 1]<UL><LI> startup_sc32f12xx.o(RESET)
</UL>
<P><STRONG><a name="[53]"></a>PWM_Cmd</STRONG> (Thumb, 20 bytes, Stack size 0 bytes, sc32f1xxx_pwm.o(i.PWM_Cmd))
<BR><BR>[Called By]<UL><LI><a href="#[59]">&gt;&gt;</a>&nbsp;&nbsp;&nbsp;Buzzer_Stop
<LI><a href="#[58]">&gt;&gt;</a>&nbsp;&nbsp;&nbsp;Buzzer_Start
<LI><a href="#[4d]">&gt;&gt;</a>&nbsp;&nbsp;&nbsp;Buzzer_Init
<LI><a href="#[50]">&gt;&gt;</a>&nbsp;&nbsp;&nbsp;Buzzer_Beep
</UL>

<P><STRONG><a name="[56]"></a>PWM_Init</STRONG> (Thumb, 36 bytes, Stack size 8 bytes, sc32f1xxx_pwm.o(i.PWM_Init))
<BR><BR>[Stack]<UL><LI>Max Depth = 8<LI>Call Chain = PWM_Init
</UL>
<BR>[Called By]<UL><LI><a href="#[4d]">&gt;&gt;</a>&nbsp;&nbsp;&nbsp;Buzzer_Init
</UL>

<P><STRONG><a name="[57]"></a>PWM_SetDuty</STRONG> (Thumb, 28 bytes, Stack size 12 bytes, sc32f1xxx_pwm.o(i.PWM_SetDuty))
<BR><BR>[Stack]<UL><LI>Max Depth = 12<LI>Call Chain = PWM_SetDuty
</UL>
<BR>[Called By]<UL><LI><a href="#[4d]">&gt;&gt;</a>&nbsp;&nbsp;&nbsp;Buzzer_Init
</UL>

<P><STRONG><a name="[54]"></a>PWM_StructInit</STRONG> (Thumb, 16 bytes, Stack size 0 bytes, sc32f1xxx_pwm.o(i.PWM_StructInit))
<BR><BR>[Called By]<UL><LI><a href="#[4d]">&gt;&gt;</a>&nbsp;&nbsp;&nbsp;Buzzer_Init
</UL>

<P><STRONG><a name="[7b]"></a>RCC_HCLKConfig</STRONG> (Thumb, 20 bytes, Stack size 0 bytes, sc32f1xxx_rcc.o(i.RCC_HCLKConfig))
<BR><BR>[Called By]<UL><LI><a href="#[79]">&gt;&gt;</a>&nbsp;&nbsp;&nbsp;SC_RCC_Init
</UL>

<P><STRONG><a name="[70]"></a>RCC_HIRCCmd</STRONG> (Thumb, 30 bytes, Stack size 4 bytes, sc32f1xxx_rcc.o(i.RCC_HIRCCmd))
<BR><BR>[Stack]<UL><LI>Max Depth = 4<LI>Call Chain = RCC_HIRCCmd
</UL>
<BR>[Calls]<UL><LI><a href="#[71]">&gt;&gt;</a>&nbsp;&nbsp;&nbsp;RCC_Unlock
</UL>
<BR>[Called By]<UL><LI><a href="#[79]">&gt;&gt;</a>&nbsp;&nbsp;&nbsp;SC_RCC_Init
</UL>

<P><STRONG><a name="[72]"></a>RCC_HIRCDIV1Cmd</STRONG> (Thumb, 30 bytes, Stack size 4 bytes, sc32f1xxx_rcc.o(i.RCC_HIRCDIV1Cmd))
<BR><BR>[Stack]<UL><LI>Max Depth = 4<LI>Call Chain = RCC_HIRCDIV1Cmd
</UL>
<BR>[Calls]<UL><LI><a href="#[71]">&gt;&gt;</a>&nbsp;&nbsp;&nbsp;RCC_Unlock
</UL>
<BR>[Called By]<UL><LI><a href="#[79]">&gt;&gt;</a>&nbsp;&nbsp;&nbsp;SC_RCC_Init
</UL>

<P><STRONG><a name="[73]"></a>RCC_HXTCmd</STRONG> (Thumb, 30 bytes, Stack size 4 bytes, sc32f1xxx_rcc.o(i.RCC_HXTCmd))
<BR><BR>[Stack]<UL><LI>Max Depth = 4<LI>Call Chain = RCC_HXTCmd
</UL>
<BR>[Calls]<UL><LI><a href="#[71]">&gt;&gt;</a>&nbsp;&nbsp;&nbsp;RCC_Unlock
</UL>
<BR>[Called By]<UL><LI><a href="#[79]">&gt;&gt;</a>&nbsp;&nbsp;&nbsp;SC_RCC_Init
</UL>

<P><STRONG><a name="[13]"></a>RCC_IRQHandler</STRONG> (Thumb, 2 bytes, Stack size 0 bytes, SC_it.o(i.RCC_IRQHandler))
<BR>[Address Reference Count : 1]<UL><LI> startup_sc32f12xx.o(RESET)
</UL>
<P><STRONG><a name="[74]"></a>RCC_ITConfig</STRONG> (Thumb, 30 bytes, Stack size 4 bytes, sc32f1xxx_rcc.o(i.RCC_ITConfig))
<BR><BR>[Stack]<UL><LI>Max Depth = 4<LI>Call Chain = RCC_ITConfig
</UL>
<BR>[Calls]<UL><LI><a href="#[71]">&gt;&gt;</a>&nbsp;&nbsp;&nbsp;RCC_Unlock
</UL>
<BR>[Called By]<UL><LI><a href="#[79]">&gt;&gt;</a>&nbsp;&nbsp;&nbsp;SC_RCC_Init
</UL>

<P><STRONG><a name="[75]"></a>RCC_LIRCCmd</STRONG> (Thumb, 30 bytes, Stack size 4 bytes, sc32f1xxx_rcc.o(i.RCC_LIRCCmd))
<BR><BR>[Stack]<UL><LI>Max Depth = 4<LI>Call Chain = RCC_LIRCCmd
</UL>
<BR>[Calls]<UL><LI><a href="#[71]">&gt;&gt;</a>&nbsp;&nbsp;&nbsp;RCC_Unlock
</UL>
<BR>[Called By]<UL><LI><a href="#[79]">&gt;&gt;</a>&nbsp;&nbsp;&nbsp;SC_RCC_Init
</UL>

<P><STRONG><a name="[76]"></a>RCC_LXTCmd</STRONG> (Thumb, 32 bytes, Stack size 4 bytes, sc32f1xxx_rcc.o(i.RCC_LXTCmd))
<BR><BR>[Stack]<UL><LI>Max Depth = 4<LI>Call Chain = RCC_LXTCmd
</UL>
<BR>[Calls]<UL><LI><a href="#[71]">&gt;&gt;</a>&nbsp;&nbsp;&nbsp;RCC_Unlock
</UL>
<BR>[Called By]<UL><LI><a href="#[79]">&gt;&gt;</a>&nbsp;&nbsp;&nbsp;SC_RCC_Init
</UL>

<P><STRONG><a name="[77]"></a>RCC_SYSCLKConfig</STRONG> (Thumb, 112 bytes, Stack size 12 bytes, sc32f1xxx_rcc.o(i.RCC_SYSCLKConfig))
<BR><BR>[Stack]<UL><LI>Max Depth = 12<LI>Call Chain = RCC_SYSCLKConfig
</UL>
<BR>[Calls]<UL><LI><a href="#[71]">&gt;&gt;</a>&nbsp;&nbsp;&nbsp;RCC_Unlock
</UL>
<BR>[Called By]<UL><LI><a href="#[79]">&gt;&gt;</a>&nbsp;&nbsp;&nbsp;SC_RCC_Init
</UL>

<P><STRONG><a name="[78]"></a>RCC_SystickCLKConfig</STRONG> (Thumb, 50 bytes, Stack size 8 bytes, sc32f1xxx_rcc.o(i.RCC_SystickCLKConfig))
<BR><BR>[Stack]<UL><LI>Max Depth = 8<LI>Call Chain = RCC_SystickCLKConfig
</UL>
<BR>[Calls]<UL><LI><a href="#[71]">&gt;&gt;</a>&nbsp;&nbsp;&nbsp;RCC_Unlock
</UL>
<BR>[Called By]<UL><LI><a href="#[7a]">&gt;&gt;</a>&nbsp;&nbsp;&nbsp;SC_SYSTICK_Init
</UL>

<P><STRONG><a name="[7d]"></a>RCC_SystickCmd</STRONG> (Thumb, 22 bytes, Stack size 0 bytes, sc32f1xxx_rcc.o(i.RCC_SystickCmd))
<BR><BR>[Called By]<UL><LI><a href="#[7a]">&gt;&gt;</a>&nbsp;&nbsp;&nbsp;SC_SYSTICK_Init
</UL>

<P><STRONG><a name="[7c]"></a>RCC_SystickSetCounter</STRONG> (Thumb, 18 bytes, Stack size 0 bytes, sc32f1xxx_rcc.o(i.RCC_SystickSetCounter))
<BR><BR>[Called By]<UL><LI><a href="#[7a]">&gt;&gt;</a>&nbsp;&nbsp;&nbsp;SC_SYSTICK_Init
</UL>

<P><STRONG><a name="[71]"></a>RCC_Unlock</STRONG> (Thumb, 16 bytes, Stack size 0 bytes, sc32f1xxx_rcc.o(i.RCC_Unlock))
<BR><BR>[Called By]<UL><LI><a href="#[78]">&gt;&gt;</a>&nbsp;&nbsp;&nbsp;RCC_SystickCLKConfig
<LI><a href="#[77]">&gt;&gt;</a>&nbsp;&nbsp;&nbsp;RCC_SYSCLKConfig
<LI><a href="#[76]">&gt;&gt;</a>&nbsp;&nbsp;&nbsp;RCC_LXTCmd
<LI><a href="#[75]">&gt;&gt;</a>&nbsp;&nbsp;&nbsp;RCC_LIRCCmd
<LI><a href="#[74]">&gt;&gt;</a>&nbsp;&nbsp;&nbsp;RCC_ITConfig
<LI><a href="#[73]">&gt;&gt;</a>&nbsp;&nbsp;&nbsp;RCC_HXTCmd
<LI><a href="#[72]">&gt;&gt;</a>&nbsp;&nbsp;&nbsp;RCC_HIRCDIV1Cmd
<LI><a href="#[70]">&gt;&gt;</a>&nbsp;&nbsp;&nbsp;RCC_HIRCCmd
<LI><a href="#[7a]">&gt;&gt;</a>&nbsp;&nbsp;&nbsp;SC_SYSTICK_Init
<LI><a href="#[79]">&gt;&gt;</a>&nbsp;&nbsp;&nbsp;SC_RCC_Init
</UL>

<P><STRONG><a name="[61]"></a>ResetInactivityTimer</STRONG> (Thumb, 8 bytes, Stack size 0 bytes, system_timer.o(i.ResetInactivityTimer))
<BR><BR>[Called By]<UL><LI><a href="#[5d]">&gt;&gt;</a>&nbsp;&nbsp;&nbsp;CheckWeightActivity
<LI><a href="#[4b]">&gt;&gt;</a>&nbsp;&nbsp;&nbsp;SystemTimer_Init
<LI><a href="#[2a]">&gt;&gt;</a>&nbsp;&nbsp;&nbsp;Key_Pressed_Handler
</UL>

<P><STRONG><a name="[66]"></a>SC_Init</STRONG> (Thumb, 12 bytes, Stack size 8 bytes, SC_Init.o(i.SC_Init))
<BR><BR>[Stack]<UL><LI>Max Depth = 28<LI>Call Chain = SC_Init &rArr; SC_RCC_Init &rArr; RCC_SYSCLKConfig
</UL>
<BR>[Calls]<UL><LI><a href="#[7a]">&gt;&gt;</a>&nbsp;&nbsp;&nbsp;SC_SYSTICK_Init
<LI><a href="#[79]">&gt;&gt;</a>&nbsp;&nbsp;&nbsp;SC_RCC_Init
</UL>
<BR>[Called By]<UL><LI><a href="#[65]">&gt;&gt;</a>&nbsp;&nbsp;&nbsp;IcResourceInit
</UL>

<P><STRONG><a name="[79]"></a>SC_RCC_Init</STRONG> (Thumb, 60 bytes, Stack size 8 bytes, SC_Init.o(i.SC_RCC_Init))
<BR><BR>[Stack]<UL><LI>Max Depth = 20<LI>Call Chain = SC_RCC_Init &rArr; RCC_SYSCLKConfig
</UL>
<BR>[Calls]<UL><LI><a href="#[71]">&gt;&gt;</a>&nbsp;&nbsp;&nbsp;RCC_Unlock
<LI><a href="#[77]">&gt;&gt;</a>&nbsp;&nbsp;&nbsp;RCC_SYSCLKConfig
<LI><a href="#[76]">&gt;&gt;</a>&nbsp;&nbsp;&nbsp;RCC_LXTCmd
<LI><a href="#[75]">&gt;&gt;</a>&nbsp;&nbsp;&nbsp;RCC_LIRCCmd
<LI><a href="#[74]">&gt;&gt;</a>&nbsp;&nbsp;&nbsp;RCC_ITConfig
<LI><a href="#[73]">&gt;&gt;</a>&nbsp;&nbsp;&nbsp;RCC_HXTCmd
<LI><a href="#[72]">&gt;&gt;</a>&nbsp;&nbsp;&nbsp;RCC_HIRCDIV1Cmd
<LI><a href="#[70]">&gt;&gt;</a>&nbsp;&nbsp;&nbsp;RCC_HIRCCmd
<LI><a href="#[7b]">&gt;&gt;</a>&nbsp;&nbsp;&nbsp;RCC_HCLKConfig
</UL>
<BR>[Called By]<UL><LI><a href="#[66]">&gt;&gt;</a>&nbsp;&nbsp;&nbsp;SC_Init
</UL>

<P><STRONG><a name="[7a]"></a>SC_SYSTICK_Init</STRONG> (Thumb, 40 bytes, Stack size 8 bytes, SC_Init.o(i.SC_SYSTICK_Init))
<BR><BR>[Stack]<UL><LI>Max Depth = 16<LI>Call Chain = SC_SYSTICK_Init &rArr; RCC_SystickCLKConfig
</UL>
<BR>[Calls]<UL><LI><a href="#[71]">&gt;&gt;</a>&nbsp;&nbsp;&nbsp;RCC_Unlock
<LI><a href="#[7c]">&gt;&gt;</a>&nbsp;&nbsp;&nbsp;RCC_SystickSetCounter
<LI><a href="#[7d]">&gt;&gt;</a>&nbsp;&nbsp;&nbsp;RCC_SystickCmd
<LI><a href="#[78]">&gt;&gt;</a>&nbsp;&nbsp;&nbsp;RCC_SystickCLKConfig
</UL>
<BR>[Called By]<UL><LI><a href="#[66]">&gt;&gt;</a>&nbsp;&nbsp;&nbsp;SC_Init
</UL>

<P><STRONG><a name="[17]"></a>SPI0_IRQHandler</STRONG> (Thumb, 2 bytes, Stack size 0 bytes, SC_it.o(i.SPI0_IRQHandler))
<BR>[Address Reference Count : 1]<UL><LI> startup_sc32f12xx.o(RESET)
</UL>
<P><STRONG><a name="[18]"></a>SPI1_2_IRQHandler</STRONG> (Thumb, 2 bytes, Stack size 0 bytes, SC_it.o(i.SPI1_2_IRQHandler))
<BR>[Address Reference Count : 1]<UL><LI> startup_sc32f12xx.o(RESET)
</UL>
<P><STRONG><a name="[6d]"></a>StopAlarm</STRONG> (Thumb, 8 bytes, Stack size 8 bytes, scale_manager.o(i.StopAlarm))
<BR><BR>[Stack]<UL><LI>Max Depth = 16<LI>Call Chain = StopAlarm &rArr; Buzzer_Stop
</UL>
<BR>[Calls]<UL><LI><a href="#[59]">&gt;&gt;</a>&nbsp;&nbsp;&nbsp;Buzzer_Stop
</UL>
<BR>[Called By]<UL><LI><a href="#[2a]">&gt;&gt;</a>&nbsp;&nbsp;&nbsp;Key_Pressed_Handler
</UL>

<P><STRONG><a name="[e]"></a>SysTick_IRQHandler</STRONG> (Thumb, 2 bytes, Stack size 0 bytes, SC_it.o(i.SysTick_IRQHandler))
<BR>[Address Reference Count : 1]<UL><LI> startup_sc32f12xx.o(RESET)
</UL>
<P><STRONG><a name="[28]"></a>SystemInit</STRONG> (Thumb, 10 bytes, Stack size 0 bytes, system_sc32f1xxx.o(i.SystemInit))
<BR>[Address Reference Count : 1]<UL><LI> startup_sc32f12xx.o(.text)
</UL>
<P><STRONG><a name="[4b]"></a>SystemTimer_Init</STRONG> (Thumb, 50 bytes, Stack size 8 bytes, system_timer.o(i.SystemTimer_Init))
<BR><BR>[Stack]<UL><LI>Max Depth = 8<LI>Call Chain = SystemTimer_Init
</UL>
<BR>[Calls]<UL><LI><a href="#[7f]">&gt;&gt;</a>&nbsp;&nbsp;&nbsp;BTM_ITConfig
<LI><a href="#[7e]">&gt;&gt;</a>&nbsp;&nbsp;&nbsp;BTM_FSConfig
<LI><a href="#[80]">&gt;&gt;</a>&nbsp;&nbsp;&nbsp;BTM_Cmd
<LI><a href="#[61]">&gt;&gt;</a>&nbsp;&nbsp;&nbsp;ResetInactivityTimer
</UL>
<BR>[Called By]<UL><LI><a href="#[4a]">&gt;&gt;</a>&nbsp;&nbsp;&nbsp;Application_Init
</UL>

<P><STRONG><a name="[94]"></a>SystemTimer_Update</STRONG> (Thumb, 10 bytes, Stack size 0 bytes, system_timer.o(i.SystemTimer_Update))
<BR><BR>[Called By]<UL><LI><a href="#[35]">&gt;&gt;</a>&nbsp;&nbsp;&nbsp;main
</UL>

<P><STRONG><a name="[1b]"></a>TIMER0_IRQHandler</STRONG> (Thumb, 2 bytes, Stack size 0 bytes, SC_it.o(i.TIMER0_IRQHandler))
<BR>[Address Reference Count : 1]<UL><LI> startup_sc32f12xx.o(RESET)
</UL>
<P><STRONG><a name="[1c]"></a>TIMER1_IRQHandler</STRONG> (Thumb, 2 bytes, Stack size 0 bytes, SC_it.o(i.TIMER1_IRQHandler))
<BR>[Address Reference Count : 1]<UL><LI> startup_sc32f12xx.o(RESET)
</UL>
<P><STRONG><a name="[1d]"></a>TIMER2_IRQHandler</STRONG> (Thumb, 2 bytes, Stack size 0 bytes, SC_it.o(i.TIMER2_IRQHandler))
<BR>[Address Reference Count : 1]<UL><LI> startup_sc32f12xx.o(RESET)
</UL>
<P><STRONG><a name="[1e]"></a>TIMER3_IRQHandler</STRONG> (Thumb, 2 bytes, Stack size 0 bytes, SC_it.o(i.TIMER3_IRQHandler))
<BR>[Address Reference Count : 1]<UL><LI> startup_sc32f12xx.o(RESET)
</UL>
<P><STRONG><a name="[1f]"></a>TIMER4_5_IRQHandler</STRONG> (Thumb, 2 bytes, Stack size 0 bytes, SC_it.o(i.TIMER4_5_IRQHandler))
<BR>[Address Reference Count : 1]<UL><LI> startup_sc32f12xx.o(RESET)
</UL>
<P><STRONG><a name="[20]"></a>TIMER6_7_IRQHandler</STRONG> (Thumb, 2 bytes, Stack size 0 bytes, SC_it.o(i.TIMER6_7_IRQHandler))
<BR>[Address Reference Count : 1]<UL><LI> startup_sc32f12xx.o(RESET)
</UL>
<P><STRONG><a name="[23]"></a>TWI0_IRQHandler</STRONG> (Thumb, 2 bytes, Stack size 0 bytes, SC_it.o(i.TWI0_IRQHandler))
<BR>[Address Reference Count : 1]<UL><LI> startup_sc32f12xx.o(RESET)
</UL>
<P><STRONG><a name="[24]"></a>TWI1_IRQHandler</STRONG> (Thumb, 2 bytes, Stack size 0 bytes, SC_it.o(i.TWI1_IRQHandler))
<BR>[Address Reference Count : 1]<UL><LI> startup_sc32f12xx.o(RESET)
</UL>
<P><STRONG><a name="[15]"></a>UART0_2_4_IRQHandler</STRONG> (Thumb, 2 bytes, Stack size 0 bytes, SC_it.o(i.UART0_2_4_IRQHandler))
<BR>[Address Reference Count : 1]<UL><LI> startup_sc32f12xx.o(RESET)
</UL>
<P><STRONG><a name="[16]"></a>UART1_3_5_IRQHandler</STRONG> (Thumb, 2 bytes, Stack size 0 bytes, SC_it.o(i.UART1_3_5_IRQHandler))
<BR>[Address Reference Count : 1]<UL><LI> startup_sc32f12xx.o(RESET)
</UL>
<P><STRONG><a name="[81]"></a>UpdateWeightDisplay</STRONG> (Thumb, 18 bytes, Stack size 8 bytes, scale_manager.o(i.UpdateWeightDisplay))
<BR><BR>[Stack]<UL><LI>Max Depth = 48<LI>Call Chain = UpdateWeightDisplay &rArr; WeightSensor_GetWeightGram &rArr; WeightSensor_SlidingWindowFilter &rArr; CalculateMovingAverage
</UL>
<BR>[Calls]<UL><LI><a href="#[5e]">&gt;&gt;</a>&nbsp;&nbsp;&nbsp;WeightSensor_GetWeightGram
</UL>
<BR>[Called By]<UL><LI><a href="#[35]">&gt;&gt;</a>&nbsp;&nbsp;&nbsp;main
</UL>

<P><STRONG><a name="[82]"></a>WeightSensor_ADCInit</STRONG> (Thumb, 66 bytes, Stack size 32 bytes, weight_sensor.o(i.WeightSensor_ADCInit))
<BR><BR>[Stack]<UL><LI>Max Depth = 40<LI>Call Chain = WeightSensor_ADCInit &rArr; ADC_Init
</UL>
<BR>[Calls]<UL><LI><a href="#[83]">&gt;&gt;</a>&nbsp;&nbsp;&nbsp;ADC_StructInit
<LI><a href="#[85]">&gt;&gt;</a>&nbsp;&nbsp;&nbsp;ADC_SetChannel
<LI><a href="#[84]">&gt;&gt;</a>&nbsp;&nbsp;&nbsp;ADC_Init
<LI><a href="#[87]">&gt;&gt;</a>&nbsp;&nbsp;&nbsp;ADC_ITConfig
<LI><a href="#[86]">&gt;&gt;</a>&nbsp;&nbsp;&nbsp;ADC_Cmd
</UL>
<BR>[Called By]<UL><LI><a href="#[4c]">&gt;&gt;</a>&nbsp;&nbsp;&nbsp;WeightSensor_Init
</UL>

<P><STRONG><a name="[88]"></a>WeightSensor_CalibrateZero</STRONG> (Thumb, 38 bytes, Stack size 16 bytes, weight_sensor.o(i.WeightSensor_CalibrateZero))
<BR><BR>[Stack]<UL><LI>Max Depth = 24<LI>Call Chain = WeightSensor_CalibrateZero &rArr; WeightSensor_ReadRawADC
</UL>
<BR>[Calls]<UL><LI><a href="#[89]">&gt;&gt;</a>&nbsp;&nbsp;&nbsp;WeightSensor_ReadRawADC
<LI><a href="#[55]">&gt;&gt;</a>&nbsp;&nbsp;&nbsp;__aeabi_uidivmod
</UL>
<BR>[Called By]<UL><LI><a href="#[4c]">&gt;&gt;</a>&nbsp;&nbsp;&nbsp;WeightSensor_Init
</UL>

<P><STRONG><a name="[5e]"></a>WeightSensor_GetWeightGram</STRONG> (Thumb, 32 bytes, Stack size 8 bytes, weight_sensor.o(i.WeightSensor_GetWeightGram))
<BR><BR>[Stack]<UL><LI>Max Depth = 40<LI>Call Chain = WeightSensor_GetWeightGram &rArr; WeightSensor_SlidingWindowFilter &rArr; CalculateMovingAverage
</UL>
<BR>[Calls]<UL><LI><a href="#[8a]">&gt;&gt;</a>&nbsp;&nbsp;&nbsp;WeightSensor_SlidingWindowFilter
<LI><a href="#[8b]">&gt;&gt;</a>&nbsp;&nbsp;&nbsp;__aeabi_fmul
<LI><a href="#[3f]">&gt;&gt;</a>&nbsp;&nbsp;&nbsp;__aeabi_i2f
</UL>
<BR>[Called By]<UL><LI><a href="#[81]">&gt;&gt;</a>&nbsp;&nbsp;&nbsp;UpdateWeightDisplay
<LI><a href="#[6f]">&gt;&gt;</a>&nbsp;&nbsp;&nbsp;OverweightCheck_RealTime
<LI><a href="#[5d]">&gt;&gt;</a>&nbsp;&nbsp;&nbsp;CheckWeightActivity
<LI><a href="#[6b]">&gt;&gt;</a>&nbsp;&nbsp;&nbsp;OverweightCheck_OnKeyPress
</UL>

<P><STRONG><a name="[4c]"></a>WeightSensor_Init</STRONG> (Thumb, 56 bytes, Stack size 16 bytes, weight_sensor.o(i.WeightSensor_Init))
<BR><BR>[Stack]<UL><LI>Max Depth = 60<LI>Call Chain = WeightSensor_Init &rArr; WeightSensor_OPInit &rArr; OP_OffsetSet
</UL>
<BR>[Calls]<UL><LI><a href="#[8c]">&gt;&gt;</a>&nbsp;&nbsp;&nbsp;WeightSensor_OPInit
<LI><a href="#[88]">&gt;&gt;</a>&nbsp;&nbsp;&nbsp;WeightSensor_CalibrateZero
<LI><a href="#[82]">&gt;&gt;</a>&nbsp;&nbsp;&nbsp;WeightSensor_ADCInit
<LI><a href="#[3d]">&gt;&gt;</a>&nbsp;&nbsp;&nbsp;__aeabi_memclr
</UL>
<BR>[Called By]<UL><LI><a href="#[4a]">&gt;&gt;</a>&nbsp;&nbsp;&nbsp;Application_Init
</UL>

<P><STRONG><a name="[8c]"></a>WeightSensor_OPInit</STRONG> (Thumb, 46 bytes, Stack size 24 bytes, weight_sensor.o(i.WeightSensor_OPInit))
<BR><BR>[Stack]<UL><LI>Max Depth = 44<LI>Call Chain = WeightSensor_OPInit &rArr; OP_OffsetSet
</UL>
<BR>[Calls]<UL><LI><a href="#[8f]">&gt;&gt;</a>&nbsp;&nbsp;&nbsp;OP_OffsetSet
<LI><a href="#[8d]">&gt;&gt;</a>&nbsp;&nbsp;&nbsp;OP_Init
<LI><a href="#[8e]">&gt;&gt;</a>&nbsp;&nbsp;&nbsp;OP_Cmd
</UL>
<BR>[Called By]<UL><LI><a href="#[4c]">&gt;&gt;</a>&nbsp;&nbsp;&nbsp;WeightSensor_Init
</UL>

<P><STRONG><a name="[89]"></a>WeightSensor_ReadRawADC</STRONG> (Thumb, 38 bytes, Stack size 8 bytes, weight_sensor.o(i.WeightSensor_ReadRawADC))
<BR><BR>[Stack]<UL><LI>Max Depth = 8<LI>Call Chain = WeightSensor_ReadRawADC
</UL>
<BR>[Calls]<UL><LI><a href="#[90]">&gt;&gt;</a>&nbsp;&nbsp;&nbsp;ADC_SoftwareStartConv
<LI><a href="#[91]">&gt;&gt;</a>&nbsp;&nbsp;&nbsp;ADC_GetFlagStatus
<LI><a href="#[93]">&gt;&gt;</a>&nbsp;&nbsp;&nbsp;ADC_GetConversionValue
<LI><a href="#[92]">&gt;&gt;</a>&nbsp;&nbsp;&nbsp;ADC_ClearFlag
</UL>
<BR>[Called By]<UL><LI><a href="#[8a]">&gt;&gt;</a>&nbsp;&nbsp;&nbsp;WeightSensor_SlidingWindowFilter
<LI><a href="#[88]">&gt;&gt;</a>&nbsp;&nbsp;&nbsp;WeightSensor_CalibrateZero
</UL>

<P><STRONG><a name="[8a]"></a>WeightSensor_SlidingWindowFilter</STRONG> (Thumb, 12 bytes, Stack size 8 bytes, weight_sensor.o(i.WeightSensor_SlidingWindowFilter))
<BR><BR>[Stack]<UL><LI>Max Depth = 32<LI>Call Chain = WeightSensor_SlidingWindowFilter &rArr; CalculateMovingAverage
</UL>
<BR>[Calls]<UL><LI><a href="#[89]">&gt;&gt;</a>&nbsp;&nbsp;&nbsp;WeightSensor_ReadRawADC
<LI><a href="#[5a]">&gt;&gt;</a>&nbsp;&nbsp;&nbsp;CalculateMovingAverage
</UL>
<BR>[Called By]<UL><LI><a href="#[5e]">&gt;&gt;</a>&nbsp;&nbsp;&nbsp;WeightSensor_GetWeightGram
<LI><a href="#[6c]">&gt;&gt;</a>&nbsp;&nbsp;&nbsp;WeightSensor_Tare
</UL>

<P><STRONG><a name="[6c]"></a>WeightSensor_Tare</STRONG> (Thumb, 12 bytes, Stack size 8 bytes, weight_sensor.o(i.WeightSensor_Tare))
<BR><BR>[Stack]<UL><LI>Max Depth = 40<LI>Call Chain = WeightSensor_Tare &rArr; WeightSensor_SlidingWindowFilter &rArr; CalculateMovingAverage
</UL>
<BR>[Calls]<UL><LI><a href="#[8a]">&gt;&gt;</a>&nbsp;&nbsp;&nbsp;WeightSensor_SlidingWindowFilter
</UL>
<BR>[Called By]<UL><LI><a href="#[2a]">&gt;&gt;</a>&nbsp;&nbsp;&nbsp;Key_Pressed_Handler
</UL>

<P><STRONG><a name="[35]"></a>main</STRONG> (Thumb, 30 bytes, Stack size 0 bytes, main.o(i.main))
<BR><BR>[Stack]<UL><LI>Max Depth = 76<LI>Call Chain = main &rArr; Application_Init &rArr; WeightSensor_Init &rArr; WeightSensor_OPInit &rArr; OP_OffsetSet
</UL>
<BR>[Calls]<UL><LI><a href="#[81]">&gt;&gt;</a>&nbsp;&nbsp;&nbsp;UpdateWeightDisplay
<LI><a href="#[94]">&gt;&gt;</a>&nbsp;&nbsp;&nbsp;SystemTimer_Update
<LI><a href="#[6f]">&gt;&gt;</a>&nbsp;&nbsp;&nbsp;OverweightCheck_RealTime
<LI><a href="#[65]">&gt;&gt;</a>&nbsp;&nbsp;&nbsp;IcResourceInit
<LI><a href="#[5d]">&gt;&gt;</a>&nbsp;&nbsp;&nbsp;CheckWeightActivity
<LI><a href="#[5b]">&gt;&gt;</a>&nbsp;&nbsp;&nbsp;CheckInactivityTimeout
<LI><a href="#[4a]">&gt;&gt;</a>&nbsp;&nbsp;&nbsp;Application_Init
</UL>
<BR>[Called By]<UL><LI><a href="#[34]">&gt;&gt;</a>&nbsp;&nbsp;&nbsp;__rt_entry_main
</UL>

<P><STRONG><a name="[ce]"></a>__aeabi_fadd</STRONG> (Thumb, 0 bytes, Stack size 16 bytes, faddsub.o(x$fpl$fadd), UNUSED)

<P><STRONG><a name="[95]"></a>_fadd</STRONG> (Thumb, 134 bytes, Stack size 16 bytes, faddsub.o(x$fpl$fadd), UNUSED)
<BR><BR>[Calls]<UL><LI><a href="#[96]">&gt;&gt;</a>&nbsp;&nbsp;&nbsp;_fsub1
</UL>

<P><STRONG><a name="[8b]"></a>__aeabi_fmul</STRONG> (Thumb, 0 bytes, Stack size 16 bytes, fmul.o(x$fpl$fmul))
<BR><BR>[Stack]<UL><LI>Max Depth = 16<LI>Call Chain = __aeabi_fmul
</UL>
<BR>[Called By]<UL><LI><a href="#[5e]">&gt;&gt;</a>&nbsp;&nbsp;&nbsp;WeightSensor_GetWeightGram
</UL>

<P><STRONG><a name="[cf]"></a>_fmul</STRONG> (Thumb, 172 bytes, Stack size 16 bytes, fmul.o(x$fpl$fmul), UNUSED)

<P><STRONG><a name="[60]"></a>__aeabi_cfrcmple</STRONG> (Thumb, 0 bytes, Stack size 8 bytes, frlef.o(x$fpl$frleqf))
<BR><BR>[Stack]<UL><LI>Max Depth = 8<LI>Call Chain = __aeabi_cfrcmple
</UL>
<BR>[Called By]<UL><LI><a href="#[6f]">&gt;&gt;</a>&nbsp;&nbsp;&nbsp;OverweightCheck_RealTime
<LI><a href="#[5d]">&gt;&gt;</a>&nbsp;&nbsp;&nbsp;CheckWeightActivity
<LI><a href="#[6b]">&gt;&gt;</a>&nbsp;&nbsp;&nbsp;OverweightCheck_OnKeyPress
</UL>

<P><STRONG><a name="[97]"></a>_frcmple</STRONG> (Thumb, 84 bytes, Stack size 8 bytes, frlef.o(x$fpl$frleqf), UNUSED)
<BR><BR>[Calls]<UL><LI><a href="#[42]">&gt;&gt;</a>&nbsp;&nbsp;&nbsp;__fpl_fcmp_InfNaN
</UL>

<P><STRONG><a name="[5f]"></a>__aeabi_fsub</STRONG> (Thumb, 0 bytes, Stack size 16 bytes, faddsub.o(x$fpl$fsub))
<BR><BR>[Stack]<UL><LI>Max Depth = 16<LI>Call Chain = __aeabi_fsub
</UL>
<BR>[Called By]<UL><LI><a href="#[5d]">&gt;&gt;</a>&nbsp;&nbsp;&nbsp;CheckWeightActivity
</UL>

<P><STRONG><a name="[98]"></a>_fsub</STRONG> (Thumb, 204 bytes, Stack size 16 bytes, faddsub.o(x$fpl$fsub), UNUSED)
<BR><BR>[Calls]<UL><LI><a href="#[99]">&gt;&gt;</a>&nbsp;&nbsp;&nbsp;_fadd1
</UL>
<P>
<H3>
Local Symbols
</H3>
<P><STRONG><a name="[5a]"></a>CalculateMovingAverage</STRONG> (Thumb, 78 bytes, Stack size 24 bytes, weight_sensor.o(i.CalculateMovingAverage))
<BR><BR>[Stack]<UL><LI>Max Depth = 24<LI>Call Chain = CalculateMovingAverage
</UL>
<BR>[Calls]<UL><LI><a href="#[55]">&gt;&gt;</a>&nbsp;&nbsp;&nbsp;__aeabi_uidivmod
</UL>
<BR>[Called By]<UL><LI><a href="#[8a]">&gt;&gt;</a>&nbsp;&nbsp;&nbsp;WeightSensor_SlidingWindowFilter
</UL>

<P><STRONG><a name="[99]"></a>_fadd1</STRONG> (Thumb, 0 bytes, Stack size unknown bytes, faddsub.o(x$fpl$fadd), UNUSED)
<BR><BR>[Called By]<UL><LI><a href="#[98]">&gt;&gt;</a>&nbsp;&nbsp;&nbsp;_fsub
</UL>

<P><STRONG><a name="[96]"></a>_fsub1</STRONG> (Thumb, 0 bytes, Stack size unknown bytes, faddsub.o(x$fpl$fsub), UNUSED)
<BR><BR>[Called By]<UL><LI><a href="#[95]">&gt;&gt;</a>&nbsp;&nbsp;&nbsp;_fadd
</UL>
<P>
<H3>
Undefined Global Symbols
</H3>
<P><STRONG><a name="[48]"></a>_call_atexit_fns</STRONG> (ARM, 0 bytes, Stack size 0 bytes, UNDEFINED)
<BR><BR>[Called By]<UL><LI><a href="#[36]">&gt;&gt;</a>&nbsp;&nbsp;&nbsp;exit
</UL>
<HR></body></html>
